<?xml version="1.0" encoding="ISO-8859-1" ?>
<link_info>
   <banner>TMS320C2000 Linker PC v22.6.1.LTS</banner>
   <copyright>Copyright (c) 1996-2018 Texas Instruments Incorporated</copyright>
   <link_time>0x6749da3f</link_time>
   <link_errors>0x0</link_errors>
   <output_file>UPS_MUCI.out</output_file>
   <entry_point>
      <name>code_start</name>
      <address>0x83000</address>
   </entry_point>
   <input_file_list>
      <input_file id="fl-2">
         <path>.\</path>
         <kind>object</kind>
         <file>MUCI_bsp.obj</file>
         <name>MUCI_bsp.obj</name>
      </input_file>
      <input_file id="fl-3">
         <path>.\</path>
         <kind>object</kind>
         <file>Term_defs.obj</file>
         <name>Term_defs.obj</name>
      </input_file>
      <input_file id="fl-4">
         <path>.\syscfg\</path>
         <kind>object</kind>
         <file>board.obj</file>
         <name>board.obj</name>
      </input_file>
      <input_file id="fl-5">
         <path>.\syscfg\</path>
         <kind>object</kind>
         <file>c2000ware_libraries.obj</file>
         <name>c2000ware_libraries.obj</name>
      </input_file>
      <input_file id="fl-6">
         <path>.\</path>
         <kind>object</kind>
         <file>main.obj</file>
         <name>main.obj</name>
      </input_file>
      <input_file id="fl-7">
         <path>.\DeviceSupport\source\</path>
         <kind>object</kind>
         <file>f28003x_adc.obj</file>
         <name>f28003x_adc.obj</name>
      </input_file>
      <input_file id="fl-8">
         <path>.\DeviceSupport\source\</path>
         <kind>object</kind>
         <file>f28003x_cputimers.obj</file>
         <name>f28003x_cputimers.obj</name>
      </input_file>
      <input_file id="fl-9">
         <path>.\DeviceSupport\source\</path>
         <kind>object</kind>
         <file>f28003x_dbgier.obj</file>
         <name>f28003x_dbgier.obj</name>
      </input_file>
      <input_file id="fl-a">
         <path>.\DeviceSupport\source\</path>
         <kind>object</kind>
         <file>f28003x_defaultisr.obj</file>
         <name>f28003x_defaultisr.obj</name>
      </input_file>
      <input_file id="fl-b">
         <path>.\DeviceSupport\source\</path>
         <kind>object</kind>
         <file>f28003x_dma.obj</file>
         <name>f28003x_dma.obj</name>
      </input_file>
      <input_file id="fl-c">
         <path>.\DeviceSupport\source\</path>
         <kind>object</kind>
         <file>f28003x_epwm.obj</file>
         <name>f28003x_epwm.obj</name>
      </input_file>
      <input_file id="fl-d">
         <path>.\DeviceSupport\source\</path>
         <kind>object</kind>
         <file>f28003x_globalvariabledefs.obj</file>
         <name>f28003x_globalvariabledefs.obj</name>
      </input_file>
      <input_file id="fl-e">
         <path>.\DeviceSupport\source\</path>
         <kind>object</kind>
         <file>f28003x_gpio.obj</file>
         <name>f28003x_gpio.obj</name>
      </input_file>
      <input_file id="fl-f">
         <path>.\DeviceSupport\source\</path>
         <kind>object</kind>
         <file>f28003x_piectrl.obj</file>
         <name>f28003x_piectrl.obj</name>
      </input_file>
      <input_file id="fl-10">
         <path>.\DeviceSupport\source\</path>
         <kind>object</kind>
         <file>f28003x_pievect.obj</file>
         <name>f28003x_pievect.obj</name>
      </input_file>
      <input_file id="fl-11">
         <path>.\DeviceSupport\source\</path>
         <kind>object</kind>
         <file>f28003x_spi.obj</file>
         <name>f28003x_spi.obj</name>
      </input_file>
      <input_file id="fl-12">
         <path>.\DeviceSupport\source\</path>
         <kind>object</kind>
         <file>f28003x_sysctrl.obj</file>
         <name>f28003x_sysctrl.obj</name>
      </input_file>
      <input_file id="fl-13">
         <path>.\DeviceSupport\source\</path>
         <kind>object</kind>
         <file>f28003x_tempsensorconv.obj</file>
         <name>f28003x_tempsensorconv.obj</name>
      </input_file>
      <input_file id="fl-14">
         <path>.\DeviceSupport\source\</path>
         <kind>object</kind>
         <file>f28003x_usdelay.obj</file>
         <name>f28003x_usdelay.obj</name>
      </input_file>
      <input_file id="fl-15">
         <path>.\MUCI\</path>
         <kind>object</kind>
         <file>MUCI.obj</file>
         <name>MUCI.obj</name>
      </input_file>
      <input_file id="fl-16">
         <path>.\MUCI\</path>
         <kind>object</kind>
         <file>MUCI_CRCGenerator.obj</file>
         <name>MUCI_CRCGenerator.obj</name>
      </input_file>
      <input_file id="fl-17">
         <path>.\MUCI\</path>
         <kind>object</kind>
         <file>MUCI_MonitorCommands.obj</file>
         <name>MUCI_MonitorCommands.obj</name>
      </input_file>
      <input_file id="fl-18">
         <path>.\MUCI\</path>
         <kind>object</kind>
         <file>MUCI_Recorder.obj</file>
         <name>MUCI_Recorder.obj</name>
      </input_file>
      <input_file id="fl-19">
         <path>.\device\</path>
         <kind>object</kind>
         <file>device.obj</file>
         <name>device.obj</name>
      </input_file>
      <input_file id="fl-1a">
         <path>.\device\</path>
         <kind>object</kind>
         <file>f28003x_codestartbranch.obj</file>
         <name>f28003x_codestartbranch.obj</name>
      </input_file>
      <input_file id="fl-1b">
         <path>.\device\driverlib\</path>
         <kind>object</kind>
         <file>adc.obj</file>
         <name>adc.obj</name>
      </input_file>
      <input_file id="fl-1c">
         <path>.\device\driverlib\</path>
         <kind>object</kind>
         <file>aes.obj</file>
         <name>aes.obj</name>
      </input_file>
      <input_file id="fl-1d">
         <path>.\device\driverlib\</path>
         <kind>object</kind>
         <file>asysctl.obj</file>
         <name>asysctl.obj</name>
      </input_file>
      <input_file id="fl-1e">
         <path>.\device\driverlib\</path>
         <kind>object</kind>
         <file>bgcrc.obj</file>
         <name>bgcrc.obj</name>
      </input_file>
      <input_file id="fl-1f">
         <path>.\device\driverlib\</path>
         <kind>object</kind>
         <file>can.obj</file>
         <name>can.obj</name>
      </input_file>
      <input_file id="fl-20">
         <path>.\device\driverlib\</path>
         <kind>object</kind>
         <file>cla.obj</file>
         <name>cla.obj</name>
      </input_file>
      <input_file id="fl-21">
         <path>.\device\driverlib\</path>
         <kind>object</kind>
         <file>clb.obj</file>
         <name>clb.obj</name>
      </input_file>
      <input_file id="fl-22">
         <path>.\device\driverlib\</path>
         <kind>object</kind>
         <file>cmpss.obj</file>
         <name>cmpss.obj</name>
      </input_file>
      <input_file id="fl-23">
         <path>.\device\driverlib\</path>
         <kind>object</kind>
         <file>cputimer.obj</file>
         <name>cputimer.obj</name>
      </input_file>
      <input_file id="fl-24">
         <path>.\device\driverlib\</path>
         <kind>object</kind>
         <file>dac.obj</file>
         <name>dac.obj</name>
      </input_file>
      <input_file id="fl-25">
         <path>.\device\driverlib\</path>
         <kind>object</kind>
         <file>dcc.obj</file>
         <name>dcc.obj</name>
      </input_file>
      <input_file id="fl-26">
         <path>.\device\driverlib\</path>
         <kind>object</kind>
         <file>dcsm.obj</file>
         <name>dcsm.obj</name>
      </input_file>
      <input_file id="fl-27">
         <path>.\device\driverlib\</path>
         <kind>object</kind>
         <file>dma.obj</file>
         <name>dma.obj</name>
      </input_file>
      <input_file id="fl-28">
         <path>.\device\driverlib\</path>
         <kind>object</kind>
         <file>ecap.obj</file>
         <name>ecap.obj</name>
      </input_file>
      <input_file id="fl-29">
         <path>.\device\driverlib\</path>
         <kind>object</kind>
         <file>epg.obj</file>
         <name>epg.obj</name>
      </input_file>
      <input_file id="fl-2a">
         <path>.\device\driverlib\</path>
         <kind>object</kind>
         <file>epwm.obj</file>
         <name>epwm.obj</name>
      </input_file>
      <input_file id="fl-2b">
         <path>.\device\driverlib\</path>
         <kind>object</kind>
         <file>eqep.obj</file>
         <name>eqep.obj</name>
      </input_file>
      <input_file id="fl-2c">
         <path>.\device\driverlib\</path>
         <kind>object</kind>
         <file>erad.obj</file>
         <name>erad.obj</name>
      </input_file>
      <input_file id="fl-2d">
         <path>.\device\driverlib\</path>
         <kind>object</kind>
         <file>flash.obj</file>
         <name>flash.obj</name>
      </input_file>
      <input_file id="fl-2e">
         <path>.\device\driverlib\</path>
         <kind>object</kind>
         <file>fsi.obj</file>
         <name>fsi.obj</name>
      </input_file>
      <input_file id="fl-2f">
         <path>.\device\driverlib\</path>
         <kind>object</kind>
         <file>gpio.obj</file>
         <name>gpio.obj</name>
      </input_file>
      <input_file id="fl-30">
         <path>.\device\driverlib\</path>
         <kind>object</kind>
         <file>hic.obj</file>
         <name>hic.obj</name>
      </input_file>
      <input_file id="fl-31">
         <path>.\device\driverlib\</path>
         <kind>object</kind>
         <file>hrcap.obj</file>
         <name>hrcap.obj</name>
      </input_file>
      <input_file id="fl-32">
         <path>.\device\driverlib\</path>
         <kind>object</kind>
         <file>hrpwm.obj</file>
         <name>hrpwm.obj</name>
      </input_file>
      <input_file id="fl-33">
         <path>.\device\driverlib\</path>
         <kind>object</kind>
         <file>i2c.obj</file>
         <name>i2c.obj</name>
      </input_file>
      <input_file id="fl-34">
         <path>.\device\driverlib\</path>
         <kind>object</kind>
         <file>interrupt.obj</file>
         <name>interrupt.obj</name>
      </input_file>
      <input_file id="fl-35">
         <path>.\device\driverlib\</path>
         <kind>object</kind>
         <file>lin.obj</file>
         <name>lin.obj</name>
      </input_file>
      <input_file id="fl-36">
         <path>.\device\driverlib\</path>
         <kind>object</kind>
         <file>mcan.obj</file>
         <name>mcan.obj</name>
      </input_file>
      <input_file id="fl-37">
         <path>.\device\driverlib\</path>
         <kind>object</kind>
         <file>memcfg.obj</file>
         <name>memcfg.obj</name>
      </input_file>
      <input_file id="fl-38">
         <path>.\device\driverlib\</path>
         <kind>object</kind>
         <file>pmbus.obj</file>
         <name>pmbus.obj</name>
      </input_file>
      <input_file id="fl-39">
         <path>.\device\driverlib\</path>
         <kind>object</kind>
         <file>sci.obj</file>
         <name>sci.obj</name>
      </input_file>
      <input_file id="fl-3a">
         <path>.\device\driverlib\</path>
         <kind>object</kind>
         <file>sdfm.obj</file>
         <name>sdfm.obj</name>
      </input_file>
      <input_file id="fl-3b">
         <path>.\device\driverlib\</path>
         <kind>object</kind>
         <file>spi.obj</file>
         <name>spi.obj</name>
      </input_file>
      <input_file id="fl-3c">
         <path>.\device\driverlib\</path>
         <kind>object</kind>
         <file>sysctl.obj</file>
         <name>sysctl.obj</name>
      </input_file>
      <input_file id="fl-3d">
         <path>.\device\driverlib\</path>
         <kind>object</kind>
         <file>version.obj</file>
         <name>version.obj</name>
      </input_file>
      <input_file id="fl-3e">
         <path>.\device\driverlib\</path>
         <kind>object</kind>
         <file>xbar.obj</file>
         <name>xbar.obj</name>
      </input_file>
      <input_file id="fl-47">
         <kind>object</kind>
         <file>&lt;internal&gt;</file>
         <name>&lt;internal&gt;</name>
      </input_file>
      <input_file id="fl-53">
         <path>D:\Programs\TI\ccs1281\ccs\tools\compiler\ti-cgt-c2000_22.6.1.LTS\lib\</path>
         <kind>archive</kind>
         <file>rts2800_fpu32.lib</file>
         <name>boot28.asm.obj</name>
      </input_file>
      <input_file id="fl-54">
         <path>D:\Programs\TI\ccs1281\ccs\tools\compiler\ti-cgt-c2000_22.6.1.LTS\lib\</path>
         <kind>archive</kind>
         <file>rts2800_fpu32.lib</file>
         <name>fs_div28.asm.obj</name>
      </input_file>
      <input_file id="fl-55">
         <path>D:\Programs\TI\ccs1281\ccs\tools\compiler\ti-cgt-c2000_22.6.1.LTS\lib\</path>
         <kind>archive</kind>
         <file>rts2800_fpu32.lib</file>
         <name>ll_cmp28.asm.obj</name>
      </input_file>
      <input_file id="fl-56">
         <path>D:\Programs\TI\ccs1281\ccs\tools\compiler\ti-cgt-c2000_22.6.1.LTS\lib\</path>
         <kind>archive</kind>
         <file>rts2800_fpu32.lib</file>
         <name>l_div28.asm.obj</name>
      </input_file>
      <input_file id="fl-57">
         <path>D:\Programs\TI\ccs1281\ccs\tools\compiler\ti-cgt-c2000_22.6.1.LTS\lib\</path>
         <kind>archive</kind>
         <file>rts2800_fpu32.lib</file>
         <name>cpy_tbl.c.obj</name>
      </input_file>
      <input_file id="fl-58">
         <path>D:\Programs\TI\ccs1281\ccs\tools\compiler\ti-cgt-c2000_22.6.1.LTS\lib\</path>
         <kind>archive</kind>
         <file>rts2800_fpu32.lib</file>
         <name>memcpy.c.obj</name>
      </input_file>
      <input_file id="fl-59">
         <path>D:\Programs\TI\ccs1281\ccs\tools\compiler\ti-cgt-c2000_22.6.1.LTS\lib\</path>
         <kind>archive</kind>
         <file>rts2800_fpu32.lib</file>
         <name>pre_init.c.obj</name>
      </input_file>
      <input_file id="fl-5a">
         <path>D:\Programs\TI\ccs1281\ccs\tools\compiler\ti-cgt-c2000_22.6.1.LTS\lib\</path>
         <kind>archive</kind>
         <file>rts2800_fpu32.lib</file>
         <name>startup.c.obj</name>
      </input_file>
      <input_file id="fl-5b">
         <path>D:\Programs\TI\ccs1281\ccs\tools\compiler\ti-cgt-c2000_22.6.1.LTS\lib\</path>
         <kind>archive</kind>
         <file>rts2800_fpu32.lib</file>
         <name>exit.c.obj</name>
      </input_file>
      <input_file id="fl-5c">
         <path>D:\Programs\TI\ccs1281\ccs\tools\compiler\ti-cgt-c2000_22.6.1.LTS\lib\</path>
         <kind>archive</kind>
         <file>rts2800_fpu32.lib</file>
         <name>_lock.c.obj</name>
      </input_file>
      <input_file id="fl-5d">
         <path>D:\Programs\TI\ccs1281\ccs\tools\compiler\ti-cgt-c2000_22.6.1.LTS\lib\</path>
         <kind>archive</kind>
         <file>rts2800_fpu32.lib</file>
         <name>args_main.c.obj</name>
      </input_file>
   </input_file_list>
   <object_component_list>
      <object_component id="oc-97">
         <name>codestart</name>
         <load_address>0x83000</load_address>
         <run_address>0x83000</run_address>
         <size>0x2</size>
         <input_file_ref idref="fl-1a"/>
      </object_component>
      <object_component id="oc-35d">
         <name>.text:_MUCI_Command_READ_MON_TABS</name>
         <load_address>0x83008</load_address>
         <run_address>0x83008</run_address>
         <size>0x284</size>
         <input_file_ref idref="fl-17"/>
      </object_component>
      <object_component id="oc-344">
         <name>.text:_MUCI_SendPacket</name>
         <load_address>0x8328c</load_address>
         <run_address>0x8328c</run_address>
         <size>0x1ad</size>
         <input_file_ref idref="fl-15"/>
      </object_component>
      <object_component id="oc-341">
         <name>.text:_MUCI_ReceivePacket</name>
         <load_address>0x83439</load_address>
         <run_address>0x83439</run_address>
         <size>0x14b</size>
         <input_file_ref idref="fl-15"/>
      </object_component>
      <object_component id="oc-39d">
         <name>.text:_EPWM_init</name>
         <load_address>0x83584</load_address>
         <run_address>0x83584</run_address>
         <size>0x13a</size>
         <input_file_ref idref="fl-4"/>
      </object_component>
      <object_component id="oc-358">
         <name>.text:_MUCI_Command_READ</name>
         <load_address>0x836be</load_address>
         <run_address>0x836be</run_address>
         <size>0x132</size>
         <input_file_ref idref="fl-17"/>
      </object_component>
      <object_component id="oc-360">
         <name>.text:_MUCI_Command_MUCI_READ_BBX</name>
         <load_address>0x837f0</load_address>
         <run_address>0x837f0</run_address>
         <size>0x130</size>
         <input_file_ref idref="fl-17"/>
      </object_component>
      <object_component id="oc-38e">
         <name>.text:_SysCtl_setClock</name>
         <load_address>0x83920</load_address>
         <run_address>0x83920</run_address>
         <size>0x123</size>
         <input_file_ref idref="fl-3c"/>
      </object_component>
      <object_component id="oc-3b6">
         <name>.text:_SysCtl_isPLLValid</name>
         <load_address>0x83a43</load_address>
         <run_address>0x83a43</run_address>
         <size>0xfe</size>
         <input_file_ref idref="fl-3c"/>
      </object_component>
      <object_component id="oc-381">
         <name>.text:_MUCI_Get_uint64_MessageData</name>
         <load_address>0x83b41</load_address>
         <run_address>0x83b41</run_address>
         <size>0xe1</size>
         <input_file_ref idref="fl-15"/>
      </object_component>
      <object_component id="oc-364">
         <name>.text:_MUCI_Command_BOOT_READ_FLASH</name>
         <load_address>0x83c22</load_address>
         <run_address>0x83c22</run_address>
         <size>0xdd</size>
         <input_file_ref idref="fl-17"/>
      </object_component>
      <object_component id="oc-359">
         <name>.text:_MUCI_Command_WRITE</name>
         <load_address>0x83cff</load_address>
         <run_address>0x83cff</run_address>
         <size>0xdc</size>
         <input_file_ref idref="fl-17"/>
      </object_component>
      <object_component id="oc-392">
         <name>.text:_Device_enableAllPeripherals</name>
         <load_address>0x83ddb</load_address>
         <run_address>0x83ddb</run_address>
         <size>0xce</size>
         <input_file_ref idref="fl-19"/>
      </object_component>
      <object_component id="oc-342">
         <name>.text:_MUCI_ProcessPacket</name>
         <load_address>0x83ea9</load_address>
         <run_address>0x83ea9</run_address>
         <size>0xcc</size>
         <input_file_ref idref="fl-15"/>
      </object_component>
      <object_component id="oc-35f">
         <name>.text:_MUCI_Command_READ_TABVALUES</name>
         <load_address>0x83f75</load_address>
         <run_address>0x83f75</run_address>
         <size>0xbf</size>
         <input_file_ref idref="fl-17"/>
      </object_component>
      <object_component id="oc-37e">
         <name>.text:_MUCI_Push_uint64_MessageData</name>
         <load_address>0x84034</load_address>
         <run_address>0x84034</run_address>
         <size>0x8f</size>
         <input_file_ref idref="fl-15"/>
      </object_component>
      <object_component id="oc-2f7">
         <name>.text</name>
         <load_address>0x840c3</load_address>
         <run_address>0x840c3</run_address>
         <size>0x88</size>
         <input_file_ref idref="fl-54"/>
      </object_component>
      <object_component id="oc-3c2">
         <name>.text:_COMP_CURRENT_init</name>
         <load_address>0x8414b</load_address>
         <run_address>0x8414b</run_address>
         <size>0x7f</size>
         <input_file_ref idref="fl-4"/>
      </object_component>
      <object_component id="oc-35b">
         <name>.text:_MUCI_Command_WRITE_NEW</name>
         <load_address>0x841ca</load_address>
         <run_address>0x841ca</run_address>
         <size>0x76</size>
         <input_file_ref idref="fl-17"/>
      </object_component>
      <object_component id="oc-3dd">
         <name>.text:_EPWM_setADCTriggerSource</name>
         <load_address>0x84240</load_address>
         <run_address>0x84240</run_address>
         <size>0x75</size>
         <input_file_ref idref="fl-4"/>
      </object_component>
      <object_component id="oc-35a">
         <name>.text:_MUCI_Command_READ_NEW</name>
         <load_address>0x842b5</load_address>
         <run_address>0x842b5</run_address>
         <size>0x75</size>
         <input_file_ref idref="fl-17"/>
      </object_component>
      <object_component id="oc-3f4">
         <name>.text:_DCC_setCounterSeeds</name>
         <load_address>0x8432a</load_address>
         <run_address>0x8432a</run_address>
         <size>0x73</size>
         <input_file_ref idref="fl-3c"/>
      </object_component>
      <object_component id="oc-362">
         <name>.text:_MUCI_Command_BOOT_SEND_API</name>
         <load_address>0x8439d</load_address>
         <run_address>0x8439d</run_address>
         <size>0x72</size>
         <input_file_ref idref="fl-17"/>
      </object_component>
      <object_component id="oc-394">
         <name>.text:_GPIO_setAnalogMode</name>
         <load_address>0x8440f</load_address>
         <run_address>0x8440f</run_address>
         <size>0x6a</size>
         <input_file_ref idref="fl-2f"/>
      </object_component>
      <object_component id="oc-390">
         <name>.text:_SysCtl_getClock</name>
         <load_address>0x84479</load_address>
         <run_address>0x84479</run_address>
         <size>0x65</size>
         <input_file_ref idref="fl-3c"/>
      </object_component>
      <object_component id="oc-365">
         <name>.text:_MUCI_Command_BOOT_PROGRAM_FLASH</name>
         <load_address>0x844de</load_address>
         <run_address>0x844de</run_address>
         <size>0x61</size>
         <input_file_ref idref="fl-17"/>
      </object_component>
      <object_component id="oc-397">
         <name>.text:_PinMux_init</name>
         <load_address>0x8453f</load_address>
         <run_address>0x8453f</run_address>
         <size>0x5c</size>
         <input_file_ref idref="fl-4"/>
      </object_component>
      <object_component id="oc-3c0">
         <name>.text:_ADC0_init</name>
         <load_address>0x8459b</load_address>
         <run_address>0x8459b</run_address>
         <size>0x5a</size>
         <input_file_ref idref="fl-4"/>
      </object_component>
      <object_component id="oc-2f0">
         <name>.text</name>
         <load_address>0x845f5</load_address>
         <run_address>0x845f5</run_address>
         <size>0x56</size>
         <input_file_ref idref="fl-53"/>
      </object_component>
      <object_component id="oc-37c">
         <name>.text:_MUCI_Push_uint32_MessageData</name>
         <load_address>0x8464b</load_address>
         <run_address>0x8464b</run_address>
         <size>0x55</size>
         <input_file_ref idref="fl-15"/>
      </object_component>
      <object_component id="oc-3b9">
         <name>.text:_GPIO_setPadConfig</name>
         <load_address>0x846a0</load_address>
         <run_address>0x846a0</run_address>
         <size>0x52</size>
         <input_file_ref idref="fl-2f"/>
      </object_component>
      <object_component id="oc-363">
         <name>.text:_MUCI_Command_BOOT_CLEAR_SECTOR</name>
         <load_address>0x846f2</load_address>
         <run_address>0x846f2</run_address>
         <size>0x51</size>
         <input_file_ref idref="fl-17"/>
      </object_component>
      <object_component id="oc-37a">
         <name>.text:_MUCI_Get_uint32_MessageData</name>
         <load_address>0x84743</load_address>
         <run_address>0x84743</run_address>
         <size>0x50</size>
         <input_file_ref idref="fl-15"/>
      </object_component>
      <object_component id="oc-368">
         <name>.text:_Device_init</name>
         <load_address>0x84793</load_address>
         <run_address>0x84793</run_address>
         <size>0x4f</size>
         <input_file_ref idref="fl-19"/>
      </object_component>
      <object_component id="oc-3b4">
         <name>.text:_SysCtl_selectOscSource</name>
         <load_address>0x847e2</load_address>
         <run_address>0x847e2</run_address>
         <size>0x4d</size>
         <input_file_ref idref="fl-3c"/>
      </object_component>
      <object_component id="oc-35c">
         <name>.text:_MUCI_Command_READ_TABNAMES</name>
         <load_address>0x8482f</load_address>
         <run_address>0x8482f</run_address>
         <size>0x4c</size>
         <input_file_ref idref="fl-17"/>
      </object_component>
      <object_component id="oc-35e">
         <name>.text:_MUCI_Command_READ_UNITS</name>
         <load_address>0x8487b</load_address>
         <run_address>0x8487b</run_address>
         <size>0x4c</size>
         <input_file_ref idref="fl-17"/>
      </object_component>
      <object_component id="oc-b6">
         <name>.text:_INT_GATE_PWM_TZ_ISR</name>
         <load_address>0x848c7</load_address>
         <run_address>0x848c7</run_address>
         <size>0x4b</size>
         <input_file_ref idref="fl-6"/>
      </object_component>
      <object_component id="oc-40b">
         <name>.text:_CMPSS_configFilterHigh</name>
         <load_address>0x84912</load_address>
         <run_address>0x84912</run_address>
         <size>0x49</size>
         <input_file_ref idref="fl-22"/>
      </object_component>
      <object_component id="oc-40c">
         <name>.text:_CMPSS_configFilterLow</name>
         <load_address>0x8495b</load_address>
         <run_address>0x8495b</run_address>
         <size>0x49</size>
         <input_file_ref idref="fl-22"/>
      </object_component>
      <object_component id="oc-412">
         <name>.text:_CMPSS_configRamp</name>
         <load_address>0x849a4</load_address>
         <run_address>0x849a4</run_address>
         <size>0x48</size>
         <input_file_ref idref="fl-22"/>
      </object_component>
      <object_component id="oc-32c">
         <name>.text:_MUCI_bsp_Background</name>
         <load_address>0x849ec</load_address>
         <run_address>0x849ec</run_address>
         <size>0x47</size>
         <input_file_ref idref="fl-2"/>
      </object_component>
      <object_component id="oc-3fe">
         <name>.text:_ADC_setupSOC</name>
         <load_address>0x84a33</load_address>
         <run_address>0x84a33</run_address>
         <size>0x46</size>
         <input_file_ref idref="fl-4"/>
      </object_component>
      <object_component id="oc-3ea">
         <name>.text:_SysCtl_selectXTAL</name>
         <load_address>0x84a79</load_address>
         <run_address>0x84a79</run_address>
         <size>0x46</size>
         <input_file_ref idref="fl-3c"/>
      </object_component>
      <object_component id="oc-429">
         <name>.text:_SysCtl_pollX1Counter</name>
         <load_address>0x84abf</load_address>
         <run_address>0x84abf</run_address>
         <size>0x45</size>
         <input_file_ref idref="fl-3c"/>
      </object_component>
      <object_component id="oc-3c1">
         <name>.text:_ADC1_init</name>
         <load_address>0x84b04</load_address>
         <run_address>0x84b04</run_address>
         <size>0x44</size>
         <input_file_ref idref="fl-4"/>
      </object_component>
      <object_component id="oc-3ce">
         <name>.text:_EPWM_setActionQualifierAction</name>
         <load_address>0x84b48</load_address>
         <run_address>0x84b48</run_address>
         <size>0x40</size>
         <input_file_ref idref="fl-4"/>
      </object_component>
      <object_component id="oc-357">
         <name>.text:_MUCI_Command_PING</name>
         <load_address>0x84b88</load_address>
         <run_address>0x84b88</run_address>
         <size>0x3f</size>
         <input_file_ref idref="fl-17"/>
      </object_component>
      <object_component id="oc-3cd">
         <name>.text:_EPWM_setCounterCompareShadowLoadMode</name>
         <load_address>0x84bc7</load_address>
         <run_address>0x84bc7</run_address>
         <size>0x3e</size>
         <input_file_ref idref="fl-4"/>
      </object_component>
      <object_component id="oc-36a">
         <name>.text:_Interrupt_initModule</name>
         <load_address>0x84c05</load_address>
         <run_address>0x84c05</run_address>
         <size>0x3d</size>
         <input_file_ref idref="fl-34"/>
      </object_component>
      <object_component id="oc-3de">
         <name>.text:_EPWM_setADCTriggerEventPrescale</name>
         <load_address>0x84c42</load_address>
         <run_address>0x84c42</run_address>
         <size>0x3a</size>
         <input_file_ref idref="fl-4"/>
      </object_component>
      <object_component id="oc-356">
         <name>.text:_MUCI_Command_GET_PROTOCOL_VERSION</name>
         <load_address>0x84c7c</load_address>
         <run_address>0x84c7c</run_address>
         <size>0x38</size>
         <input_file_ref idref="fl-17"/>
      </object_component>
      <object_component id="oc-427">
         <name>.text:_GPIO_setControllerCore</name>
         <load_address>0x84cb4</load_address>
         <run_address>0x84cb4</run_address>
         <size>0x37</size>
         <input_file_ref idref="fl-2f"/>
      </object_component>
      <object_component id="oc-3b8">
         <name>.text:_GPIO_setPinConfig</name>
         <load_address>0x84ceb</load_address>
         <run_address>0x84ceb</run_address>
         <size>0x37</size>
         <input_file_ref idref="fl-2f"/>
      </object_component>
      <object_component id="oc-3ba">
         <name>.text:_GPIO_setQualificationMode</name>
         <load_address>0x84d22</load_address>
         <run_address>0x84d22</run_address>
         <size>0x37</size>
         <input_file_ref idref="fl-2f"/>
      </object_component>
      <object_component id="oc-3e7">
         <name>.text:_Interrupt_enable</name>
         <load_address>0x84d59</load_address>
         <run_address>0x84d59</run_address>
         <size>0x37</size>
         <input_file_ref idref="fl-34"/>
      </object_component>
      <object_component id="oc-36f">
         <name>.text:_Control</name>
         <load_address>0x84d90</load_address>
         <run_address>0x84d90</run_address>
         <size>0x35</size>
         <input_file_ref idref="fl-6"/>
      </object_component>
      <object_component id="oc-37d">
         <name>.text:_MUCI_Push_uint16_MessageData</name>
         <load_address>0x84dc5</load_address>
         <run_address>0x84dc5</run_address>
         <size>0x33</size>
         <input_file_ref idref="fl-15"/>
      </object_component>
      <object_component id="oc-426">
         <name>.text:_GPIO_setDirectionMode</name>
         <load_address>0x84df8</load_address>
         <run_address>0x84df8</run_address>
         <size>0x31</size>
         <input_file_ref idref="fl-2f"/>
      </object_component>
      <object_component id="oc-380">
         <name>.text:_MUCI_Get_uint16_MessageData</name>
         <load_address>0x84e29</load_address>
         <run_address>0x84e29</run_address>
         <size>0x31</size>
         <input_file_ref idref="fl-15"/>
      </object_component>
      <object_component id="oc-34d">
         <name>.text:_main</name>
         <load_address>0x84e5a</load_address>
         <run_address>0x84e5a</run_address>
         <size>0x31</size>
         <input_file_ref idref="fl-6"/>
      </object_component>
      <object_component id="oc-361">
         <name>.text:_MUCI_Command_REBOOT</name>
         <load_address>0x84e8b</load_address>
         <run_address>0x84e8b</run_address>
         <size>0x30</size>
         <input_file_ref idref="fl-17"/>
      </object_component>
      <object_component id="oc-400">
         <name>.text:_ADC_setInterruptSource</name>
         <load_address>0x84ebb</load_address>
         <run_address>0x84ebb</run_address>
         <size>0x2f</size>
         <input_file_ref idref="fl-4"/>
      </object_component>
      <object_component id="oc-423">
         <name>.text:_XBAR_setEPWMMuxConfig</name>
         <load_address>0x84eea</load_address>
         <run_address>0x84eea</run_address>
         <size>0x2f</size>
         <input_file_ref idref="fl-3e"/>
      </object_component>
      <object_component id="oc-3ff">
         <name>.text:_ADC_setInterruptSOCTrigger</name>
         <load_address>0x84f19</load_address>
         <run_address>0x84f19</run_address>
         <size>0x2e</size>
         <input_file_ref idref="fl-4"/>
      </object_component>
      <object_component id="oc-3d0">
         <name>.text:_EPWM_setDeadBandDelayMode</name>
         <load_address>0x84f47</load_address>
         <run_address>0x84f47</run_address>
         <size>0x2c</size>
         <input_file_ref idref="fl-4"/>
      </object_component>
      <object_component id="oc-417">
         <name>.text:_CMPSS_configLatchOnPWMSYNC</name>
         <load_address>0x84f73</load_address>
         <run_address>0x84f73</run_address>
         <size>0x2b</size>
         <input_file_ref idref="fl-22"/>
      </object_component>
      <object_component id="oc-422">
         <name>.text:_EPWM_isBaseValid</name>
         <load_address>0x84f9e</load_address>
         <run_address>0x84f9e</run_address>
         <size>0x2b</size>
         <input_file_ref idref="fl-4"/>
      </object_component>
      <object_component id="oc-347">
         <name>.text:_EPWM_isBaseValid</name>
         <load_address>0x84fc9</load_address>
         <run_address>0x84fc9</run_address>
         <size>0x2b</size>
         <input_file_ref idref="fl-6"/>
      </object_component>
      <object_component id="oc-301">
         <name>.text</name>
         <load_address>0x84ff4</load_address>
         <run_address>0x84ff4</run_address>
         <size>0x2a</size>
         <input_file_ref idref="fl-56"/>
      </object_component>
      <object_component id="oc-37b">
         <name>.text:_MUCI_Get_uint8_MessageData</name>
         <load_address>0x8501e</load_address>
         <run_address>0x8501e</run_address>
         <size>0x29</size>
         <input_file_ref idref="fl-15"/>
      </object_component>
      <object_component id="oc-33a">
         <name>.text</name>
         <load_address>0x85047</load_address>
         <run_address>0x85047</run_address>
         <size>0x29</size>
         <input_file_ref idref="fl-5b"/>
      </object_component>
      <object_component id="oc-42d">
         <name>.text:_ADC_setOffsetTrimAll</name>
         <load_address>0x85070</load_address>
         <run_address>0x85070</run_address>
         <size>0x28</size>
         <input_file_ref idref="fl-1b"/>
      </object_component>
      <object_component id="oc-3da">
         <name>.text:_EPWM_selectDigitalCompareTripInput</name>
         <load_address>0x85098</load_address>
         <run_address>0x85098</run_address>
         <size>0x28</size>
         <input_file_ref idref="fl-4"/>
      </object_component>
      <object_component id="oc-3f8">
         <name>.text:_ADC_setVREF</name>
         <load_address>0x850c0</load_address>
         <run_address>0x850c0</run_address>
         <size>0x27</size>
         <input_file_ref idref="fl-1b"/>
      </object_component>
      <object_component id="oc-425">
         <name>.text:_GPIO_writePin</name>
         <load_address>0x850e7</load_address>
         <run_address>0x850e7</run_address>
         <size>0x27</size>
         <input_file_ref idref="fl-4"/>
      </object_component>
      <object_component id="oc-32b">
         <name>.text:_GPIO_writePin</name>
         <load_address>0x8510e</load_address>
         <run_address>0x8510e</run_address>
         <size>0x27</size>
         <input_file_ref idref="fl-6"/>
      </object_component>
      <object_component id="oc-377">
         <name>.text:_MUCI_Push_uint8_MessageData</name>
         <load_address>0x85135</load_address>
         <run_address>0x85135</run_address>
         <size>0x27</size>
         <input_file_ref idref="fl-15"/>
      </object_component>
      <object_component id="oc-348">
         <name>.text:_push_bbx</name>
         <load_address>0x8515c</load_address>
         <run_address>0x8515c</run_address>
         <size>0x27</size>
         <input_file_ref idref="fl-18"/>
      </object_component>
      <object_component id="oc-415">
         <name>.text:_CMPSS_configBlanking</name>
         <load_address>0x85183</load_address>
         <run_address>0x85183</run_address>
         <size>0x25</size>
         <input_file_ref idref="fl-4"/>
      </object_component>
      <object_component id="oc-3a0">
         <name>.text:_INTERRUPT_init</name>
         <load_address>0x851a8</load_address>
         <run_address>0x851a8</run_address>
         <size>0x25</size>
         <input_file_ref idref="fl-4"/>
      </object_component>
      <object_component id="oc-3eb">
         <name>.text:_SysCtl_selectXTALSingleEnded</name>
         <load_address>0x851cd</load_address>
         <run_address>0x851cd</run_address>
         <size>0x25</size>
         <input_file_ref idref="fl-3c"/>
      </object_component>
      <object_component id="oc-371">
         <name>.text:_Application</name>
         <load_address>0x851f2</load_address>
         <run_address>0x851f2</run_address>
         <size>0x24</size>
         <input_file_ref idref="fl-6"/>
      </object_component>
      <object_component id="oc-3f5">
         <name>.text:_DCC_enableSingleShotMode</name>
         <load_address>0x85216</load_address>
         <run_address>0x85216</run_address>
         <size>0x24</size>
         <input_file_ref idref="fl-3c"/>
      </object_component>
      <object_component id="oc-3cf">
         <name>.text:_EPWM_setDeadBandDelayPolarity</name>
         <load_address>0x8523a</load_address>
         <run_address>0x8523a</run_address>
         <size>0x24</size>
         <input_file_ref idref="fl-4"/>
      </object_component>
      <object_component id="oc-3c3">
         <name>.text:_TIMER_1MS_init</name>
         <load_address>0x8525e</load_address>
         <run_address>0x8525e</run_address>
         <size>0x24</size>
         <input_file_ref idref="fl-4"/>
      </object_component>
      <object_component id="oc-337">
         <name>.text</name>
         <load_address>0x85282</load_address>
         <run_address>0x85282</run_address>
         <size>0x24</size>
         <input_file_ref idref="fl-57"/>
      </object_component>
      <object_component id="oc-353">
         <name>.text:_MUCI_CalcCheckSum</name>
         <load_address>0x852a6</load_address>
         <run_address>0x852a6</run_address>
         <size>0x23</size>
         <input_file_ref idref="fl-16"/>
      </object_component>
      <object_component id="oc-3cc">
         <name>.text:_EPWM_setCounterCompareValue</name>
         <load_address>0x852c9</load_address>
         <run_address>0x852c9</run_address>
         <size>0x22</size>
         <input_file_ref idref="fl-4"/>
      </object_component>
      <object_component id="oc-330">
         <name>.text:_EPWM_setCounterCompareValue</name>
         <load_address>0x852eb</load_address>
         <run_address>0x852eb</run_address>
         <size>0x22</size>
         <input_file_ref idref="fl-6"/>
      </object_component>
      <object_component id="oc-3d7">
         <name>.text:_EPWM_setTripZoneAction</name>
         <load_address>0x8530d</load_address>
         <run_address>0x8530d</run_address>
         <size>0x22</size>
         <input_file_ref idref="fl-4"/>
      </object_component>
      <object_component id="oc-3db">
         <name>.text:_EPWM_setTripZoneDigitalCompareEventCondition</name>
         <load_address>0x8532f</load_address>
         <run_address>0x8532f</run_address>
         <size>0x22</size>
         <input_file_ref idref="fl-4"/>
      </object_component>
      <object_component id="oc-402">
         <name>.text:_ADC_disableContinuousMode</name>
         <load_address>0x85351</load_address>
         <run_address>0x85351</run_address>
         <size>0x21</size>
         <input_file_ref idref="fl-4"/>
      </object_component>
      <object_component id="oc-403">
         <name>.text:_ADC_enableInterrupt</name>
         <load_address>0x85372</load_address>
         <run_address>0x85372</run_address>
         <size>0x20</size>
         <input_file_ref idref="fl-4"/>
      </object_component>
      <object_component id="oc-404">
         <name>.text:_ASysCtl_selectCMPHPMux</name>
         <load_address>0x85392</load_address>
         <run_address>0x85392</run_address>
         <size>0x20</size>
         <input_file_ref idref="fl-4"/>
      </object_component>
      <object_component id="oc-405">
         <name>.text:_ASysCtl_selectCMPLPMux</name>
         <load_address>0x853b2</load_address>
         <run_address>0x853b2</run_address>
         <size>0x20</size>
         <input_file_ref idref="fl-4"/>
      </object_component>
      <object_component id="oc-3d9">
         <name>.text:_EPWM_enableTripZoneInterrupt</name>
         <load_address>0x853d2</load_address>
         <run_address>0x853d2</run_address>
         <size>0x20</size>
         <input_file_ref idref="fl-4"/>
      </object_component>
      <object_component id="oc-32d">
         <name>.text:_EPWM_clearTripZoneFlag</name>
         <load_address>0x853f2</load_address>
         <run_address>0x853f2</run_address>
         <size>0x1f</size>
         <input_file_ref idref="fl-6"/>
      </object_component>
      <object_component id="oc-3d4">
         <name>.text:_EPWM_setFallingEdgeDelayCountShadowLoadMode</name>
         <load_address>0x85411</load_address>
         <run_address>0x85411</run_address>
         <size>0x1f</size>
         <input_file_ref idref="fl-4"/>
      </object_component>
      <object_component id="oc-3d1">
         <name>.text:_EPWM_setRisingEdgeDelayCountShadowLoadMode</name>
         <load_address>0x85430</load_address>
         <run_address>0x85430</run_address>
         <size>0x1f</size>
         <input_file_ref idref="fl-4"/>
      </object_component>
      <object_component id="oc-335">
         <name>.text:_GPIO_togglePin</name>
         <load_address>0x8544f</load_address>
         <run_address>0x8544f</run_address>
         <size>0x1f</size>
         <input_file_ref idref="fl-6"/>
      </object_component>
      <object_component id="oc-3f2">
         <name>.text:_DCC_setCounter0ClkSource</name>
         <load_address>0x8546e</load_address>
         <run_address>0x8546e</run_address>
         <size>0x1e</size>
         <input_file_ref idref="fl-3c"/>
      </object_component>
      <object_component id="oc-3f3">
         <name>.text:_DCC_setCounter1ClkSource</name>
         <load_address>0x8548c</load_address>
         <run_address>0x8548c</run_address>
         <size>0x1e</size>
         <input_file_ref idref="fl-3c"/>
      </object_component>
      <object_component id="oc-3ca">
         <name>.text:_EPWM_setPhaseShift</name>
         <load_address>0x854aa</load_address>
         <run_address>0x854aa</run_address>
         <size>0x1e</size>
         <input_file_ref idref="fl-4"/>
      </object_component>
      <object_component id="oc-36b">
         <name>.text:_Interrupt_initVectorTable</name>
         <load_address>0x854c8</load_address>
         <run_address>0x854c8</run_address>
         <size>0x1e</size>
         <input_file_ref idref="fl-34"/>
      </object_component>
      <object_component id="oc-2fc">
         <name>.text</name>
         <load_address>0x854e6</load_address>
         <run_address>0x854e6</run_address>
         <size>0x1e</size>
         <input_file_ref idref="fl-55"/>
      </object_component>
      <object_component id="oc-333">
         <name>.text:_ADC_getInterruptOverflowStatus</name>
         <load_address>0x85504</load_address>
         <run_address>0x85504</run_address>
         <size>0x1d</size>
         <input_file_ref idref="fl-6"/>
      </object_component>
      <object_component id="oc-40a">
         <name>.text:_CMPSS_setDACValueLow</name>
         <load_address>0x85521</load_address>
         <run_address>0x85521</run_address>
         <size>0x1d</size>
         <input_file_ref idref="fl-4"/>
      </object_component>
      <object_component id="oc-411">
         <name>.text:_CMPSS_setHysteresis</name>
         <load_address>0x8553e</load_address>
         <run_address>0x8553e</run_address>
         <size>0x1d</size>
         <input_file_ref idref="fl-4"/>
      </object_component>
      <object_component id="oc-3d6">
         <name>.text:_EPWM_setFallingEdgeDelayCount</name>
         <load_address>0x8555b</load_address>
         <run_address>0x8555b</run_address>
         <size>0x1d</size>
         <input_file_ref idref="fl-4"/>
      </object_component>
      <object_component id="oc-3d3">
         <name>.text:_EPWM_setRisingEdgeDelayCount</name>
         <load_address>0x85578</load_address>
         <run_address>0x85578</run_address>
         <size>0x1d</size>
         <input_file_ref idref="fl-4"/>
      </object_component>
      <object_component id="oc-34c">
         <name>.text</name>
         <load_address>0x85595</load_address>
         <run_address>0x85595</run_address>
         <size>0x1d</size>
         <input_file_ref idref="fl-58"/>
      </object_component>
      <object_component id="oc-3fd">
         <name>.text:_ADC_setSOCPriority</name>
         <load_address>0x855b2</load_address>
         <run_address>0x855b2</run_address>
         <size>0x1c</size>
         <input_file_ref idref="fl-4"/>
      </object_component>
      <object_component id="oc-3dc">
         <name>.text:_EPWM_enableADCTrigger</name>
         <load_address>0x855ce</load_address>
         <run_address>0x855ce</run_address>
         <size>0x1c</size>
         <input_file_ref idref="fl-4"/>
      </object_component>
      <object_component id="oc-3c4">
         <name>.text:_EPWM_setClockPrescaler</name>
         <load_address>0x855ea</load_address>
         <run_address>0x855ea</run_address>
         <size>0x1c</size>
         <input_file_ref idref="fl-4"/>
      </object_component>
      <object_component id="oc-42f">
         <name>.text:_CMPSS_isBaseValid</name>
         <load_address>0x85606</load_address>
         <run_address>0x85606</run_address>
         <size>0x1b</size>
         <input_file_ref idref="fl-4"/>
      </object_component>
      <object_component id="oc-430">
         <name>.text:_CMPSS_isBaseValid</name>
         <load_address>0x85621</load_address>
         <run_address>0x85621</run_address>
         <size>0x1b</size>
         <input_file_ref idref="fl-22"/>
      </object_component>
      <object_component id="oc-409">
         <name>.text:_CMPSS_setDACValueHigh</name>
         <load_address>0x8563c</load_address>
         <run_address>0x8563c</run_address>
         <size>0x1b</size>
         <input_file_ref idref="fl-4"/>
      </object_component>
      <object_component id="oc-33e">
         <name>.text:_MUCI_Recorder_Background</name>
         <load_address>0x85657</load_address>
         <run_address>0x85657</run_address>
         <size>0x1b</size>
         <input_file_ref idref="fl-18"/>
      </object_component>
      <object_component id="oc-32f">
         <name>.text:_ADC_readResult</name>
         <load_address>0x85672</load_address>
         <run_address>0x85672</run_address>
         <size>0x1a</size>
         <input_file_ref idref="fl-6"/>
      </object_component>
      <object_component id="oc-3bf">
         <name>.text:_ASysCtl_setAnalogReference1P65</name>
         <load_address>0x8568c</load_address>
         <run_address>0x8568c</run_address>
         <size>0x1a</size>
         <input_file_ref idref="fl-4"/>
      </object_component>
      <object_component id="oc-421">
         <name>.text:_CPUTimer_startTimer</name>
         <load_address>0x856a6</load_address>
         <run_address>0x856a6</run_address>
         <size>0x1a</size>
         <input_file_ref idref="fl-4"/>
      </object_component>
      <object_component id="oc-391">
         <name>.text:_SysCtl_getLowSpeedClock</name>
         <load_address>0x856c0</load_address>
         <run_address>0x856c0</run_address>
         <size>0x1a</size>
         <input_file_ref idref="fl-3c"/>
      </object_component>
      <object_component id="oc-367">
         <name>.text:_push_single_bbx_32</name>
         <load_address>0x856da</load_address>
         <run_address>0x856da</run_address>
         <size>0x1a</size>
         <input_file_ref idref="fl-18"/>
      </object_component>
      <object_component id="oc-407">
         <name>.text:_CMPSS_configLowComparator</name>
         <load_address>0x856f4</load_address>
         <run_address>0x856f4</run_address>
         <size>0x19</size>
         <input_file_ref idref="fl-4"/>
      </object_component>
      <object_component id="oc-410">
         <name>.text:_CMPSS_configOutputsLow</name>
         <load_address>0x8570d</load_address>
         <run_address>0x8570d</run_address>
         <size>0x19</size>
         <input_file_ref idref="fl-4"/>
      </object_component>
      <object_component id="oc-3c8">
         <name>.text:_EPWM_setCountModeAfterSync</name>
         <load_address>0x85726</load_address>
         <run_address>0x85726</run_address>
         <size>0x19</size>
         <input_file_ref idref="fl-4"/>
      </object_component>
      <object_component id="oc-3e1">
         <name>.text:_GATE_EN_init</name>
         <load_address>0x8573f</load_address>
         <run_address>0x8573f</run_address>
         <size>0x19</size>
         <input_file_ref idref="fl-4"/>
      </object_component>
      <object_component id="oc-3e4">
         <name>.text:_LED1_init</name>
         <load_address>0x85758</load_address>
         <run_address>0x85758</run_address>
         <size>0x19</size>
         <input_file_ref idref="fl-4"/>
      </object_component>
      <object_component id="oc-3e5">
         <name>.text:_LED2_init</name>
         <load_address>0x85771</load_address>
         <run_address>0x85771</run_address>
         <size>0x19</size>
         <input_file_ref idref="fl-4"/>
      </object_component>
      <object_component id="oc-3e3">
         <name>.text:_SYSTEM_RESET_init</name>
         <load_address>0x8578a</load_address>
         <run_address>0x8578a</run_address>
         <size>0x19</size>
         <input_file_ref idref="fl-4"/>
      </object_component>
      <object_component id="oc-3b5">
         <name>.text:_SysCtl_setPLLSysClk</name>
         <load_address>0x857a3</load_address>
         <run_address>0x857a3</run_address>
         <size>0x19</size>
         <input_file_ref idref="fl-3c"/>
      </object_component>
      <object_component id="oc-3be">
         <name>.text:_ASysCtl_setAnalogReferenceInternal</name>
         <load_address>0x857bc</load_address>
         <run_address>0x857bc</run_address>
         <size>0x18</size>
         <input_file_ref idref="fl-4"/>
      </object_component>
      <object_component id="oc-3d5">
         <name>.text:_EPWM_disableFallingEdgeDelayCountShadowLoadMode</name>
         <load_address>0x857d4</load_address>
         <run_address>0x857d4</run_address>
         <size>0x18</size>
         <input_file_ref idref="fl-4"/>
      </object_component>
      <object_component id="oc-3d2">
         <name>.text:_EPWM_disableRisingEdgeDelayCountShadowLoadMode</name>
         <load_address>0x857ec</load_address>
         <run_address>0x857ec</run_address>
         <size>0x18</size>
         <input_file_ref idref="fl-4"/>
      </object_component>
      <object_component id="oc-3df">
         <name>.text:_EPWM_enableADCTriggerEventCountInit</name>
         <load_address>0x85804</load_address>
         <run_address>0x85804</run_address>
         <size>0x18</size>
         <input_file_ref idref="fl-4"/>
      </object_component>
      <object_component id="oc-3a4">
         <name>.text:_MUCI_Recorder_Init</name>
         <load_address>0x8581c</load_address>
         <run_address>0x8581c</run_address>
         <size>0x18</size>
         <input_file_ref idref="fl-18"/>
      </object_component>
      <object_component id="oc-351">
         <name>.text:_SCI_performSoftwareReset</name>
         <load_address>0x85834</load_address>
         <run_address>0x85834</run_address>
         <size>0x18</size>
         <input_file_ref idref="fl-2"/>
      </object_component>
      <object_component id="oc-36d">
         <name>.text:_SysCtl_disablePeripheral</name>
         <load_address>0x8584c</load_address>
         <run_address>0x8584c</run_address>
         <size>0x18</size>
         <input_file_ref idref="fl-6"/>
      </object_component>
      <object_component id="oc-42c">
         <name>.text:_ADC_isBaseValid</name>
         <load_address>0x85864</load_address>
         <run_address>0x85864</run_address>
         <size>0x17</size>
         <input_file_ref idref="fl-1b"/>
      </object_component>
      <object_component id="oc-42e">
         <name>.text:_ADC_isBaseValid</name>
         <load_address>0x8587b</load_address>
         <run_address>0x8587b</run_address>
         <size>0x17</size>
         <input_file_ref idref="fl-4"/>
      </object_component>
      <object_component id="oc-34b">
         <name>.text:_ADC_isBaseValid</name>
         <load_address>0x85892</load_address>
         <run_address>0x85892</run_address>
         <size>0x17</size>
         <input_file_ref idref="fl-6"/>
      </object_component>
      <object_component id="oc-36c">
         <name>.text:_Board_init</name>
         <load_address>0x858a9</load_address>
         <run_address>0x858a9</run_address>
         <size>0x17</size>
         <input_file_ref idref="fl-4"/>
      </object_component>
      <object_component id="oc-432">
         <name>.text:_CPUTimer_isBaseValid</name>
         <load_address>0x858c0</load_address>
         <run_address>0x858c0</run_address>
         <size>0x17</size>
         <input_file_ref idref="fl-4"/>
      </object_component>
      <object_component id="oc-431">
         <name>.text:_CPUTimer_isBaseValid</name>
         <load_address>0x858d7</load_address>
         <run_address>0x858d7</run_address>
         <size>0x17</size>
         <input_file_ref idref="fl-23"/>
      </object_component>
      <object_component id="oc-41c">
         <name>.text:_CPUTimer_setPreScaler</name>
         <load_address>0x858ee</load_address>
         <run_address>0x858ee</run_address>
         <size>0x17</size>
         <input_file_ref idref="fl-4"/>
      </object_component>
      <object_component id="oc-3b7">
         <name>.text:_SysCtl_enablePeripheral</name>
         <load_address>0x85905</load_address>
         <run_address>0x85905</run_address>
         <size>0x17</size>
         <input_file_ref idref="fl-19"/>
      </object_component>
      <object_component id="oc-3a5">
         <name>.text:_SysCtl_enablePeripheral</name>
         <load_address>0x8591c</load_address>
         <run_address>0x8591c</run_address>
         <size>0x17</size>
         <input_file_ref idref="fl-6"/>
      </object_component>
      <object_component id="oc-3ec">
         <name>.text:_SysCtl_enablePeripheral</name>
         <load_address>0x85933</load_address>
         <run_address>0x85933</run_address>
         <size>0x17</size>
         <input_file_ref idref="fl-3c"/>
      </object_component>
      <object_component id="oc-3fa">
         <name>.text:_ADC_setInterruptPulseMode</name>
         <load_address>0x8594a</load_address>
         <run_address>0x8594a</run_address>
         <size>0x16</size>
         <input_file_ref idref="fl-4"/>
      </object_component>
      <object_component id="oc-3f9">
         <name>.text:_ADC_setPrescaler</name>
         <load_address>0x85960</load_address>
         <run_address>0x85960</run_address>
         <size>0x16</size>
         <input_file_ref idref="fl-4"/>
      </object_component>
      <object_component id="oc-408">
         <name>.text:_CMPSS_configDAC</name>
         <load_address>0x85976</load_address>
         <run_address>0x85976</run_address>
         <size>0x16</size>
         <input_file_ref idref="fl-4"/>
      </object_component>
      <object_component id="oc-406">
         <name>.text:_CMPSS_configHighComparator</name>
         <load_address>0x8598c</load_address>
         <run_address>0x8598c</run_address>
         <size>0x16</size>
         <input_file_ref idref="fl-4"/>
      </object_component>
      <object_component id="oc-40f">
         <name>.text:_CMPSS_configOutputsHigh</name>
         <load_address>0x859a2</load_address>
         <run_address>0x859a2</run_address>
         <size>0x16</size>
         <input_file_ref idref="fl-4"/>
      </object_component>
      <object_component id="oc-3f1">
         <name>.text:_DCC_disableDoneSignal</name>
         <load_address>0x859b8</load_address>
         <run_address>0x859b8</run_address>
         <size>0x16</size>
         <input_file_ref idref="fl-3c"/>
      </object_component>
      <object_component id="oc-3d8">
         <name>.text:_EPWM_enableTripZoneSignals</name>
         <load_address>0x859ce</load_address>
         <run_address>0x859ce</run_address>
         <size>0x16</size>
         <input_file_ref idref="fl-4"/>
      </object_component>
      <object_component id="oc-3cb">
         <name>.text:_EPWM_setSyncInPulseSource</name>
         <load_address>0x859e4</load_address>
         <run_address>0x859e4</run_address>
         <size>0x16</size>
         <input_file_ref idref="fl-4"/>
      </object_component>
      <object_component id="oc-2ac">
         <name>.text:_Interrupt_defaultHandler</name>
         <load_address>0x859fa</load_address>
         <run_address>0x859fa</run_address>
         <size>0x16</size>
         <input_file_ref idref="fl-34"/>
      </object_component>
      <object_component id="oc-3fc">
         <name>.text:_ADC_disableBurstMode</name>
         <load_address>0x85a10</load_address>
         <run_address>0x85a10</run_address>
         <size>0x15</size>
         <input_file_ref idref="fl-4"/>
      </object_component>
      <object_component id="oc-419">
         <name>.text:_CMPSS_clearFilterLatchHigh</name>
         <load_address>0x85a25</load_address>
         <run_address>0x85a25</run_address>
         <size>0x15</size>
         <input_file_ref idref="fl-4"/>
      </object_component>
      <object_component id="oc-41a">
         <name>.text:_CMPSS_clearFilterLatchLow</name>
         <load_address>0x85a3a</load_address>
         <run_address>0x85a3a</run_address>
         <size>0x15</size>
         <input_file_ref idref="fl-4"/>
      </object_component>
      <object_component id="oc-416">
         <name>.text:_CMPSS_disableBlanking</name>
         <load_address>0x85a4f</load_address>
         <run_address>0x85a4f</run_address>
         <size>0x15</size>
         <input_file_ref idref="fl-4"/>
      </object_component>
      <object_component id="oc-413">
         <name>.text:_CMPSS_disableLatchResetOnPWMSYNCHigh</name>
         <load_address>0x85a64</load_address>
         <run_address>0x85a64</run_address>
         <size>0x15</size>
         <input_file_ref idref="fl-4"/>
      </object_component>
      <object_component id="oc-414">
         <name>.text:_CMPSS_disableLatchResetOnPWMSYNCLow</name>
         <load_address>0x85a79</load_address>
         <run_address>0x85a79</run_address>
         <size>0x15</size>
         <input_file_ref idref="fl-4"/>
      </object_component>
      <object_component id="oc-40d">
         <name>.text:_CMPSS_initFilterHigh</name>
         <load_address>0x85a8e</load_address>
         <run_address>0x85a8e</run_address>
         <size>0x15</size>
         <input_file_ref idref="fl-4"/>
      </object_component>
      <object_component id="oc-40e">
         <name>.text:_CMPSS_initFilterLow</name>
         <load_address>0x85aa3</load_address>
         <run_address>0x85aa3</run_address>
         <size>0x15</size>
         <input_file_ref idref="fl-4"/>
      </object_component>
      <object_component id="oc-41e">
         <name>.text:_CPUTimer_enableInterrupt</name>
         <load_address>0x85ab8</load_address>
         <run_address>0x85ab8</run_address>
         <size>0x15</size>
         <input_file_ref idref="fl-4"/>
      </object_component>
      <object_component id="oc-3ee">
         <name>.text:_DCC_clearDoneFlag</name>
         <load_address>0x85acd</load_address>
         <run_address>0x85acd</run_address>
         <size>0x15</size>
         <input_file_ref idref="fl-3c"/>
      </object_component>
      <object_component id="oc-3ed">
         <name>.text:_DCC_clearErrorFlag</name>
         <load_address>0x85ae2</load_address>
         <run_address>0x85ae2</run_address>
         <size>0x15</size>
         <input_file_ref idref="fl-3c"/>
      </object_component>
      <object_component id="oc-3f0">
         <name>.text:_DCC_disableErrorSignal</name>
         <load_address>0x85af7</load_address>
         <run_address>0x85af7</run_address>
         <size>0x15</size>
         <input_file_ref idref="fl-3c"/>
      </object_component>
      <object_component id="oc-42b">
         <name>.text:_DCC_isBaseValid</name>
         <load_address>0x85b0c</load_address>
         <run_address>0x85b0c</run_address>
         <size>0x15</size>
         <input_file_ref idref="fl-3c"/>
      </object_component>
      <object_component id="oc-395">
         <name>.text:_GPIO_unlockPortConfig</name>
         <load_address>0x85b21</load_address>
         <run_address>0x85b21</run_address>
         <size>0x15</size>
         <input_file_ref idref="fl-19"/>
      </object_component>
      <object_component id="oc-366">
         <name>.text:_MUCI_NeedDataDLE</name>
         <load_address>0x85b36</load_address>
         <run_address>0x85b36</run_address>
         <size>0x15</size>
         <input_file_ref idref="fl-15"/>
      </object_component>
      <object_component id="oc-33d">
         <name>.text:_MUCI_bsp_SCI_Recover</name>
         <load_address>0x85b4b</load_address>
         <run_address>0x85b4b</run_address>
         <size>0x15</size>
         <input_file_ref idref="fl-2"/>
      </object_component>
      <object_component id="oc-334">
         <name>.text:_ADC_clearInterruptOverflowStatus</name>
         <load_address>0x85b60</load_address>
         <run_address>0x85b60</run_address>
         <size>0x14</size>
         <input_file_ref idref="fl-6"/>
      </object_component>
      <object_component id="oc-401">
         <name>.text:_ADC_clearInterruptStatus</name>
         <load_address>0x85b74</load_address>
         <run_address>0x85b74</run_address>
         <size>0x14</size>
         <input_file_ref idref="fl-4"/>
      </object_component>
      <object_component id="oc-332">
         <name>.text:_ADC_clearInterruptStatus</name>
         <load_address>0x85b88</load_address>
         <run_address>0x85b88</run_address>
         <size>0x14</size>
         <input_file_ref idref="fl-6"/>
      </object_component>
      <object_component id="oc-420">
         <name>.text:_CPUTimer_reloadTimerCounter</name>
         <load_address>0x85b9c</load_address>
         <run_address>0x85b9c</run_address>
         <size>0x14</size>
         <input_file_ref idref="fl-4"/>
      </object_component>
      <object_component id="oc-41f">
         <name>.text:_CPUTimer_stopTimer</name>
         <load_address>0x85bb0</load_address>
         <run_address>0x85bb0</run_address>
         <size>0x14</size>
         <input_file_ref idref="fl-4"/>
      </object_component>
      <object_component id="oc-3ef">
         <name>.text:_DCC_disableModule</name>
         <load_address>0x85bc4</load_address>
         <run_address>0x85bc4</run_address>
         <size>0x14</size>
         <input_file_ref idref="fl-3c"/>
      </object_component>
      <object_component id="oc-3f6">
         <name>.text:_DCC_enableModule</name>
         <load_address>0x85bd8</load_address>
         <run_address>0x85bd8</run_address>
         <size>0x14</size>
         <input_file_ref idref="fl-3c"/>
      </object_component>
      <object_component id="oc-3c7">
         <name>.text:_EPWM_setTimeBaseCounterMode</name>
         <load_address>0x85bec</load_address>
         <run_address>0x85bec</run_address>
         <size>0x14</size>
         <input_file_ref idref="fl-4"/>
      </object_component>
      <object_component id="oc-3c5">
         <name>.text:_EPWM_setTimeBasePeriod</name>
         <load_address>0x85c00</load_address>
         <run_address>0x85c00</run_address>
         <size>0x14</size>
         <input_file_ref idref="fl-4"/>
      </object_component>
      <object_component id="oc-433">
         <name>.text:_GPIO_isPinValid</name>
         <load_address>0x85c14</load_address>
         <run_address>0x85c14</run_address>
         <size>0x14</size>
         <input_file_ref idref="fl-4"/>
      </object_component>
      <object_component id="oc-3f7">
         <name>.text:_GPIO_isPinValid</name>
         <load_address>0x85c28</load_address>
         <run_address>0x85c28</run_address>
         <size>0x14</size>
         <input_file_ref idref="fl-2f"/>
      </object_component>
      <object_component id="oc-33b">
         <name>.text:_GPIO_isPinValid</name>
         <load_address>0x85c3c</load_address>
         <run_address>0x85c3c</run_address>
         <size>0x14</size>
         <input_file_ref idref="fl-6"/>
      </object_component>
      <object_component id="oc-b5">
         <name>.text:_INT_TIMER_1MS_ISR</name>
         <load_address>0x85c50</load_address>
         <run_address>0x85c50</run_address>
         <size>0x14</size>
         <input_file_ref idref="fl-6"/>
      </object_component>
      <object_component id="oc-3e2">
         <name>.text:_PATH_STATUS_init</name>
         <load_address>0x85c64</load_address>
         <run_address>0x85c64</run_address>
         <size>0x14</size>
         <input_file_ref idref="fl-4"/>
      </object_component>
      <object_component id="oc-33f">
         <name>.text:_SCI_getRxFIFOStatus</name>
         <load_address>0x85c78</load_address>
         <run_address>0x85c78</run_address>
         <size>0x14</size>
         <input_file_ref idref="fl-2"/>
      </object_component>
      <object_component id="oc-346">
         <name>.text:_SCI_getTxFIFOStatus</name>
         <load_address>0x85c8c</load_address>
         <run_address>0x85c8c</run_address>
         <size>0x14</size>
         <input_file_ref idref="fl-2"/>
      </object_component>
      <object_component id="oc-345">
         <name>.text:_SCI_writeCharNonBlocking</name>
         <load_address>0x85ca0</load_address>
         <run_address>0x85ca0</run_address>
         <size>0x14</size>
         <input_file_ref idref="fl-2"/>
      </object_component>
      <object_component id="oc-3fb">
         <name>.text:_ADC_enableConverter</name>
         <load_address>0x85cb4</load_address>
         <run_address>0x85cb4</run_address>
         <size>0x13</size>
         <input_file_ref idref="fl-4"/>
      </object_component>
      <object_component id="oc-41b">
         <name>.text:_CPUTimer_setEmulationMode</name>
         <load_address>0x85cc7</load_address>
         <run_address>0x85cc7</run_address>
         <size>0x13</size>
         <input_file_ref idref="fl-23"/>
      </object_component>
      <object_component id="oc-36e">
         <name>.text:_MUCI_bsp_Init</name>
         <load_address>0x85cda</load_address>
         <run_address>0x85cda</run_address>
         <size>0x13</size>
         <input_file_ref idref="fl-2"/>
      </object_component>
      <object_component id="oc-352">
         <name>.text:_SCI_isBaseValid</name>
         <load_address>0x85ced</load_address>
         <run_address>0x85ced</run_address>
         <size>0x13</size>
         <input_file_ref idref="fl-2"/>
      </object_component>
      <object_component id="oc-418">
         <name>.text:_CMPSS_enableModule</name>
         <load_address>0x85d00</load_address>
         <run_address>0x85d00</run_address>
         <size>0x12</size>
         <input_file_ref idref="fl-4"/>
      </object_component>
      <object_component id="oc-3c6">
         <name>.text:_EPWM_setTimeBaseCounter</name>
         <load_address>0x85d12</load_address>
         <run_address>0x85d12</run_address>
         <size>0x12</size>
         <input_file_ref idref="fl-4"/>
      </object_component>
      <object_component id="oc-343">
         <name>.text:_MUCI_PacketRouterNoMoreRoute</name>
         <load_address>0x85d24</load_address>
         <run_address>0x85d24</run_address>
         <size>0x12</size>
         <input_file_ref idref="fl-15"/>
      </object_component>
      <object_component id="oc-3bb">
         <name>.text:_SysCtl_setSyncOutputConfig</name>
         <load_address>0x85d36</load_address>
         <run_address>0x85d36</run_address>
         <size>0x12</size>
         <input_file_ref idref="fl-4"/>
      </object_component>
      <object_component id="oc-339">
         <name>.text</name>
         <load_address>0x85d48</load_address>
         <run_address>0x85d48</run_address>
         <size>0x12</size>
         <input_file_ref idref="fl-5d"/>
      </object_component>
      <object_component id="oc-372">
         <name>.text:_Blink</name>
         <load_address>0x85d5a</load_address>
         <run_address>0x85d5a</run_address>
         <size>0x11</size>
         <input_file_ref idref="fl-6"/>
      </object_component>
      <object_component id="oc-41d">
         <name>.text:_CPUTimer_setPeriod</name>
         <load_address>0x85d6b</load_address>
         <run_address>0x85d6b</run_address>
         <size>0x11</size>
         <input_file_ref idref="fl-4"/>
      </object_component>
      <object_component id="oc-3c9">
         <name>.text:_EPWM_disablePhaseShiftLoad</name>
         <load_address>0x85d7c</load_address>
         <run_address>0x85d7c</run_address>
         <size>0x11</size>
         <input_file_ref idref="fl-4"/>
      </object_component>
      <object_component id="oc-340">
         <name>.text:_SCI_readCharNonBlocking</name>
         <load_address>0x85d8d</load_address>
         <run_address>0x85d8d</run_address>
         <size>0x11</size>
         <input_file_ref idref="fl-2"/>
      </object_component>
      <object_component id="oc-369">
         <name>.text:_Device_initGPIO</name>
         <load_address>0x85d9e</load_address>
         <run_address>0x85d9e</run_address>
         <size>0x10</size>
         <input_file_ref idref="fl-19"/>
      </object_component>
      <object_component id="oc-3a9">
         <name>.text:_Flash_isCtrlBaseValid</name>
         <load_address>0x85dae</load_address>
         <run_address>0x85dae</run_address>
         <size>0x10</size>
         <input_file_ref idref="fl-2d"/>
      </object_component>
      <object_component id="oc-3aa">
         <name>.text:_Flash_isECCBaseValid</name>
         <load_address>0x85dbe</load_address>
         <run_address>0x85dbe</run_address>
         <size>0x10</size>
         <input_file_ref idref="fl-2d"/>
      </object_component>
      <object_component id="oc-350">
         <name>.text:_SCI_getRxStatus</name>
         <load_address>0x85dce</load_address>
         <run_address>0x85dce</run_address>
         <size>0x10</size>
         <input_file_ref idref="fl-2"/>
      </object_component>
      <object_component id="oc-3e6">
         <name>.text:_Interrupt_register</name>
         <load_address>0x85dde</load_address>
         <run_address>0x85dde</run_address>
         <size>0xf</size>
         <input_file_ref idref="fl-4"/>
      </object_component>
      <object_component id="oc-424">
         <name>.text:_XBAR_enableEPWMMux</name>
         <load_address>0x85ded</load_address>
         <run_address>0x85ded</run_address>
         <size>0xe</size>
         <input_file_ref idref="fl-4"/>
      </object_component>
      <object_component id="oc-155">
         <name>.text:_EMPTY_ISR</name>
         <load_address>0x85dfb</load_address>
         <run_address>0x85dfb</run_address>
         <size>0xd</size>
         <input_file_ref idref="fl-a"/>
      </object_component>
      <object_component id="oc-3a1">
         <name>.text:_InitTermVars</name>
         <load_address>0x85e08</load_address>
         <run_address>0x85e08</run_address>
         <size>0xd</size>
         <input_file_ref idref="fl-3"/>
      </object_component>
      <object_component id="oc-396">
         <name>.text:_Interrupt_disableGlobal</name>
         <load_address>0x85e15</load_address>
         <run_address>0x85e15</run_address>
         <size>0xd</size>
         <input_file_ref idref="fl-34"/>
      </object_component>
      <object_component id="oc-428">
         <name>.text:_Interrupt_enableGlobal</name>
         <load_address>0x85e22</load_address>
         <run_address>0x85e22</run_address>
         <size>0xd</size>
         <input_file_ref idref="fl-34"/>
      </object_component>
      <object_component id="oc-38f">
         <name>.text:_SysCtl_setLowSpeedClock</name>
         <load_address>0x85e2f</load_address>
         <run_address>0x85e2f</run_address>
         <size>0xd</size>
         <input_file_ref idref="fl-19"/>
      </object_component>
      <object_component id="oc-3bc">
         <name>.text:_SysCtl_enableExtADCSOCSource</name>
         <load_address>0x85e3c</load_address>
         <run_address>0x85e3c</run_address>
         <size>0xc</size>
         <input_file_ref idref="fl-4"/>
      </object_component>
      <object_component id="oc-370">
         <name>.text:_EnableAll</name>
         <load_address>0x85e48</load_address>
         <run_address>0x85e48</run_address>
         <size>0xb</size>
         <input_file_ref idref="fl-6"/>
      </object_component>
      <object_component id="oc-39f">
         <name>.text:_GPIO_init</name>
         <load_address>0x85e53</load_address>
         <run_address>0x85e53</run_address>
         <size>0xb</size>
         <input_file_ref idref="fl-4"/>
      </object_component>
      <object_component id="oc-38c">
         <name>.text:_SysCtl_disableWatchdog</name>
         <load_address>0x85e5e</load_address>
         <run_address>0x85e5e</run_address>
         <size>0xb</size>
         <input_file_ref idref="fl-19"/>
      </object_component>
      <object_component id="oc-3b3">
         <name>.text:_SysCtl_isMCDClockFailureDetected</name>
         <load_address>0x85e69</load_address>
         <run_address>0x85e69</run_address>
         <size>0xb</size>
         <input_file_ref idref="fl-3c"/>
      </object_component>
      <object_component id="oc-34a">
         <name>.text:_sat_arr_idx</name>
         <load_address>0x85e74</load_address>
         <run_address>0x85e74</run_address>
         <size>0xb</size>
         <input_file_ref idref="fl-18"/>
      </object_component>
      <object_component id="oc-e1">
         <name>.text:_ADCA1_ISR</name>
         <load_address>0x85e7f</load_address>
         <run_address>0x85e7f</run_address>
         <size>0xa</size>
         <input_file_ref idref="fl-a"/>
      </object_component>
      <object_component id="oc-116">
         <name>.text:_ADCA2_ISR</name>
         <load_address>0x85e89</load_address>
         <run_address>0x85e89</run_address>
         <size>0xa</size>
         <input_file_ref idref="fl-a"/>
      </object_component>
      <object_component id="oc-117">
         <name>.text:_ADCA3_ISR</name>
         <load_address>0x85e93</load_address>
         <run_address>0x85e93</run_address>
         <size>0xa</size>
         <input_file_ref idref="fl-a"/>
      </object_component>
      <object_component id="oc-118">
         <name>.text:_ADCA4_ISR</name>
         <load_address>0x85e9d</load_address>
         <run_address>0x85e9d</run_address>
         <size>0xa</size>
         <input_file_ref idref="fl-a"/>
      </object_component>
      <object_component id="oc-115">
         <name>.text:_ADCA_EVT_ISR</name>
         <load_address>0x85ea7</load_address>
         <run_address>0x85ea7</run_address>
         <size>0xa</size>
         <input_file_ref idref="fl-a"/>
      </object_component>
      <object_component id="oc-e2">
         <name>.text:_ADCB1_ISR</name>
         <load_address>0x85eb1</load_address>
         <run_address>0x85eb1</run_address>
         <size>0xa</size>
         <input_file_ref idref="fl-a"/>
      </object_component>
      <object_component id="oc-11a">
         <name>.text:_ADCB2_ISR</name>
         <load_address>0x85ebb</load_address>
         <run_address>0x85ebb</run_address>
         <size>0xa</size>
         <input_file_ref idref="fl-a"/>
      </object_component>
      <object_component id="oc-11b">
         <name>.text:_ADCB3_ISR</name>
         <load_address>0x85ec5</load_address>
         <run_address>0x85ec5</run_address>
         <size>0xa</size>
         <input_file_ref idref="fl-a"/>
      </object_component>
      <object_component id="oc-11c">
         <name>.text:_ADCB4_ISR</name>
         <load_address>0x85ecf</load_address>
         <run_address>0x85ecf</run_address>
         <size>0xa</size>
         <input_file_ref idref="fl-a"/>
      </object_component>
      <object_component id="oc-119">
         <name>.text:_ADCB_EVT_ISR</name>
         <load_address>0x85ed9</load_address>
         <run_address>0x85ed9</run_address>
         <size>0xa</size>
         <input_file_ref idref="fl-a"/>
      </object_component>
      <object_component id="oc-e3">
         <name>.text:_ADCC1_ISR</name>
         <load_address>0x85ee3</load_address>
         <run_address>0x85ee3</run_address>
         <size>0xa</size>
         <input_file_ref idref="fl-a"/>
      </object_component>
      <object_component id="oc-14a">
         <name>.text:_ADCC2_ISR</name>
         <load_address>0x85eed</load_address>
         <run_address>0x85eed</run_address>
         <size>0xa</size>
         <input_file_ref idref="fl-a"/>
      </object_component>
      <object_component id="oc-14b">
         <name>.text:_ADCC3_ISR</name>
         <load_address>0x85ef7</load_address>
         <run_address>0x85ef7</run_address>
         <size>0xa</size>
         <input_file_ref idref="fl-a"/>
      </object_component>
      <object_component id="oc-14c">
         <name>.text:_ADCC4_ISR</name>
         <load_address>0x85f01</load_address>
         <run_address>0x85f01</run_address>
         <size>0xa</size>
         <input_file_ref idref="fl-a"/>
      </object_component>
      <object_component id="oc-149">
         <name>.text:_ADCC_EVT_ISR</name>
         <load_address>0x85f0b</load_address>
         <run_address>0x85f0b</run_address>
         <size>0xa</size>
         <input_file_ref idref="fl-a"/>
      </object_component>
      <object_component id="oc-150">
         <name>.text:_AES_SINTREQUEST_ISR</name>
         <load_address>0x85f15</load_address>
         <run_address>0x85f15</run_address>
         <size>0xa</size>
         <input_file_ref idref="fl-a"/>
      </object_component>
      <object_component id="oc-151">
         <name>.text:_BGCRC_CLA1_ISR</name>
         <load_address>0x85f1f</load_address>
         <run_address>0x85f1f</run_address>
         <size>0xa</size>
         <input_file_ref idref="fl-a"/>
      </object_component>
      <object_component id="oc-147">
         <name>.text:_BGCRC_ISR</name>
         <load_address>0x85f29</load_address>
         <run_address>0x85f29</run_address>
         <size>0xa</size>
         <input_file_ref idref="fl-a"/>
      </object_component>
      <object_component id="oc-113">
         <name>.text:_CANA0_ISR</name>
         <load_address>0x85f33</load_address>
         <run_address>0x85f33</run_address>
         <size>0xa</size>
         <input_file_ref idref="fl-a"/>
      </object_component>
      <object_component id="oc-114">
         <name>.text:_CANA1_ISR</name>
         <load_address>0x85f3d</load_address>
         <run_address>0x85f3d</run_address>
         <size>0xa</size>
         <input_file_ref idref="fl-a"/>
      </object_component>
      <object_component id="oc-11d">
[...]
      </symbol>
      <symbol id="sm-8aa">
         <name>_EradHWBP2Regs</name>
         <value>0x5e908</value>
         <object_component_ref idref="oc-177"/>
      </symbol>
      <symbol id="sm-8ab">
         <name>_SyncSocRegs</name>
         <value>0x7940</value>
         <object_component_ref idref="oc-16f"/>
      </symbol>
      <symbol id="sm-8ac">
         <name>_NmiIntruptRegs</name>
         <value>0x7060</value>
         <object_component_ref idref="oc-183"/>
      </symbol>
      <symbol id="sm-8ad">
         <name>_FsiRxaRegs</name>
         <value>0x6680</value>
         <object_component_ref idref="oc-1c0"/>
      </symbol>
      <symbol id="sm-8ae">
         <name>_EradCRC7Regs</name>
         <value>0x5ea70</value>
         <object_component_ref idref="oc-16d"/>
      </symbol>
      <symbol id="sm-8af">
         <name>_EPwm3Regs</name>
         <value>0x4200</value>
         <object_component_ref idref="oc-1d4"/>
      </symbol>
      <symbol id="sm-8b0">
         <name>_EradCounter1Regs</name>
         <value>0x5e980</value>
         <object_component_ref idref="oc-17f"/>
      </symbol>
      <symbol id="sm-8b1">
         <name>_SysStatusRegs</name>
         <value>0x5d400</value>
         <object_component_ref idref="oc-192"/>
      </symbol>
      <symbol id="sm-8b2">
         <name>_EradHWBP1Regs</name>
         <value>0x5e900</value>
         <object_component_ref idref="oc-176"/>
      </symbol>
      <symbol id="sm-8b3">
         <name>_EradCRCGlobalRegs</name>
         <value>0x5ea00</value>
         <object_component_ref idref="oc-166"/>
      </symbol>
      <symbol id="sm-8b4">
         <name>_LinbRegs</name>
         <value>0x6b00</value>
         <object_component_ref idref="oc-1d1"/>
      </symbol>
      <symbol id="sm-8b5">
         <name>_I2caRegs</name>
         <value>0x7300</value>
         <object_component_ref idref="oc-1a2"/>
      </symbol>
      <symbol id="sm-8ee">
         <name>_tempSensor_tempSlope</name>
         <value>0x98f4</value>
         <object_component_ref idref="oc-1fd"/>
      </symbol>
      <symbol id="sm-8ef">
         <name>_tempSensor_tempOffset</name>
         <value>0x98f5</value>
         <object_component_ref idref="oc-1fd"/>
      </symbol>
      <symbol id="sm-8f0">
         <name>_tempSensor_scaleFactor</name>
         <value>0x98f6</value>
         <object_component_ref idref="oc-1fd"/>
      </symbol>
      <symbol id="sm-8fc">
         <name>_F28x_usDelay</name>
         <value>0x9beb</value>
         <object_component_ref idref="oc-202"/>
      </symbol>
      <symbol id="sm-98d">
         <name>_MUCI_Get_uint16_MessageData</name>
         <value>0x84e29</value>
         <object_component_ref idref="oc-380"/>
      </symbol>
      <symbol id="sm-98f">
         <name>_MUCI_Push_uint64_MessageData</name>
         <value>0x84034</value>
         <object_component_ref idref="oc-37e"/>
      </symbol>
      <symbol id="sm-991">
         <name>_MUCI_SendPacket</name>
         <value>0x8328c</value>
         <object_component_ref idref="oc-344"/>
      </symbol>
      <symbol id="sm-993">
         <name>_MUCI_ReceivePacket</name>
         <value>0x83439</value>
         <object_component_ref idref="oc-341"/>
      </symbol>
      <symbol id="sm-995">
         <name>_MUCI_Get_uint8_MessageData</name>
         <value>0x8501e</value>
         <object_component_ref idref="oc-37b"/>
      </symbol>
      <symbol id="sm-997">
         <name>_MUCI_Config</name>
         <value>0x986e</value>
         <object_component_ref idref="oc-208"/>
      </symbol>
      <symbol id="sm-998">
         <name>_MUCI_Push_uint32_MessageData</name>
         <value>0x8464b</value>
         <object_component_ref idref="oc-37c"/>
      </symbol>
      <symbol id="sm-99a">
         <name>_MUCI_Push_uint8_MessageData</name>
         <value>0x85135</value>
         <object_component_ref idref="oc-377"/>
      </symbol>
      <symbol id="sm-99c">
         <name>_MUCI_PacketRouterNoMoreRoute</name>
         <value>0x85d24</value>
         <object_component_ref idref="oc-343"/>
      </symbol>
      <symbol id="sm-99e">
         <name>_MUCI_SetDeviceAddress</name>
         <value>0x8642d</value>
         <object_component_ref idref="oc-3a2"/>
      </symbol>
      <symbol id="sm-9a0">
         <name>_MUCI_Counters</name>
         <value>0x9870</value>
         <object_component_ref idref="oc-208"/>
      </symbol>
      <symbol id="sm-9a1">
         <name>_MUCI_ProcessPacket</name>
         <value>0x83ea9</value>
         <object_component_ref idref="oc-342"/>
      </symbol>
      <symbol id="sm-9a3">
         <name>_MUCI_GetDeviceAddress</name>
         <value>0x86463</value>
         <object_component_ref idref="oc-355"/>
      </symbol>
      <symbol id="sm-9a5">
         <name>_MUCI_Push_uint16_MessageData</name>
         <value>0x84dc5</value>
         <object_component_ref idref="oc-37d"/>
      </symbol>
      <symbol id="sm-9a7">
         <name>_MUCI_Get_uint32_MessageData</name>
         <value>0x84743</value>
         <object_component_ref idref="oc-37a"/>
      </symbol>
      <symbol id="sm-9a9">
         <name>_MUCI_NeedDataDLE</name>
         <value>0x85b36</value>
         <object_component_ref idref="oc-366"/>
      </symbol>
      <symbol id="sm-9ab">
         <name>_MUCI_Get_uint64_MessageData</name>
         <value>0x83b41</value>
         <object_component_ref idref="oc-381"/>
      </symbol>
      <symbol id="sm-9ad">
         <name>_MUCI_SetApplicationState</name>
         <value>0x86426</value>
         <object_component_ref idref="oc-3a3"/>
      </symbol>
      <symbol id="sm-9af">
         <name>_MUCI_GetApplicationState</name>
         <value>0x8645f</value>
         <object_component_ref idref="oc-378"/>
      </symbol>
      <symbol id="sm-9c2">
         <name>_MUCI_CalcCheckSum</name>
         <value>0x852a6</value>
         <object_component_ref idref="oc-353"/>
      </symbol>
      <symbol id="sm-a22">
         <name>_MUCI_Command_MUCI_READ_BBX</name>
         <value>0x837f0</value>
         <object_component_ref idref="oc-360"/>
      </symbol>
      <symbol id="sm-a24">
         <name>_MUCI_Command_BOOT_SEND_API</name>
         <value>0x8439d</value>
         <object_component_ref idref="oc-362"/>
      </symbol>
      <symbol id="sm-a26">
         <name>_MUCI_Command_READ_MON_TABS</name>
         <value>0x83008</value>
         <object_component_ref idref="oc-35d"/>
      </symbol>
      <symbol id="sm-a28">
         <name>_MUCI_Command_BOOT_PROGRAM_FLASH</name>
         <value>0x844de</value>
         <object_component_ref idref="oc-365"/>
      </symbol>
      <symbol id="sm-a2a">
         <name>_MUCI_Command_READ_UNITS</name>
         <value>0x8487b</value>
         <object_component_ref idref="oc-35e"/>
      </symbol>
      <symbol id="sm-a2c">
         <name>_MUCI_Command_READ_NEW</name>
         <value>0x842b5</value>
         <object_component_ref idref="oc-35a"/>
      </symbol>
      <symbol id="sm-a2e">
         <name>_copy_start_address</name>
         <value>0x987e</value>
         <object_component_ref idref="oc-213"/>
      </symbol>
      <symbol id="sm-a2f">
         <name>_MUCI_Command_BOOT_CLEAR_SECTOR</name>
         <value>0x846f2</value>
         <object_component_ref idref="oc-363"/>
      </symbol>
      <symbol id="sm-a31">
         <name>_MUCI_Command_PING</name>
         <value>0x84b88</value>
         <object_component_ref idref="oc-357"/>
      </symbol>
      <symbol id="sm-a33">
         <name>_MUCI_Command_WRITE_NEW</name>
         <value>0x841ca</value>
         <object_component_ref idref="oc-35b"/>
      </symbol>
      <symbol id="sm-a35">
         <name>_MUCI_Command_READ_TABVALUES</name>
         <value>0x83f75</value>
         <object_component_ref idref="oc-35f"/>
      </symbol>
      <symbol id="sm-a37">
         <name>_MUCI_Command_WRITE</name>
         <value>0x83cff</value>
         <object_component_ref idref="oc-359"/>
      </symbol>
      <symbol id="sm-a39">
         <name>_MUCI_Command_READ</name>
         <value>0x836be</value>
         <object_component_ref idref="oc-358"/>
      </symbol>
      <symbol id="sm-a3b">
         <name>_API_start_address</name>
         <value>0x987c</value>
         <object_component_ref idref="oc-213"/>
      </symbol>
      <symbol id="sm-a3c">
         <name>_MUCI_Command_BOOT_READ_FLASH</name>
         <value>0x83c22</value>
         <object_component_ref idref="oc-364"/>
      </symbol>
      <symbol id="sm-a3e">
         <name>_MUCI_Command_REBOOT</name>
         <value>0x84e8b</value>
         <object_component_ref idref="oc-361"/>
      </symbol>
      <symbol id="sm-a40">
         <name>_MUCI_Command_GET_PROTOCOL_VERSION</name>
         <value>0x84c7c</value>
         <object_component_ref idref="oc-356"/>
      </symbol>
      <symbol id="sm-a42">
         <name>_MUCI_Command_READ_TABNAMES</name>
         <value>0x8482f</value>
         <object_component_ref idref="oc-35c"/>
      </symbol>
      <symbol id="sm-a92">
         <name>_MUCI_Recorder_Background</name>
         <value>0x85657</value>
         <object_component_ref idref="oc-33e"/>
      </symbol>
      <symbol id="sm-a94">
         <name>_MUCI_Recorder_Trigger</name>
         <value>0x99de</value>
         <object_component_ref idref="oc-331"/>
      </symbol>
      <symbol id="sm-a96">
         <name>_CalcTrigValueGreater</name>
         <value>0x9a58</value>
         <object_component_ref idref="oc-349"/>
      </symbol>
      <symbol id="sm-a98">
         <name>_MUCI_RecorderData</name>
         <value>0x8000</value>
         <object_component_ref idref="oc-388"/>
      </symbol>
      <symbol id="sm-a99">
         <name>_MUCI_RecorderLength</name>
         <value>0x984c</value>
         <object_component_ref idref="oc-21a"/>
      </symbol>
      <symbol id="sm-a9a">
         <name>_FieldWatchError</name>
         <value>0x984a</value>
         <object_component_ref idref="oc-21a"/>
      </symbol>
      <symbol id="sm-a9b">
         <name>_MUCI_Recorder_Init</name>
         <value>0x8581c</value>
         <object_component_ref idref="oc-3a4"/>
      </symbol>
      <symbol id="sm-a9d">
         <name>_MUCI_RecorderParameter</name>
         <value>0x984e</value>
         <object_component_ref idref="oc-21a"/>
      </symbol>
      <symbol id="sm-ac4">
         <name>_Device_initGPIO</name>
         <value>0x85d9e</value>
         <object_component_ref idref="oc-369"/>
      </symbol>
      <symbol id="sm-ac6">
         <name>___error__</name>
         <value>0x86442</value>
         <object_component_ref idref="oc-33c"/>
      </symbol>
      <symbol id="sm-ac8">
         <name>_Device_init</name>
         <value>0x84793</value>
         <object_component_ref idref="oc-368"/>
      </symbol>
      <symbol id="sm-aca">
         <name>_Device_enableAllPeripherals</name>
         <value>0x83ddb</value>
         <object_component_ref idref="oc-392"/>
      </symbol>
      <symbol id="sm-adb">
         <name>code_start</name>
         <value>0x83000</value>
         <object_component_ref idref="oc-97"/>
      </symbol>
      <symbol id="sm-af8">
         <name>_ADC_setOffsetTrimAll</name>
         <value>0x85070</value>
         <object_component_ref idref="oc-42d"/>
      </symbol>
      <symbol id="sm-afa">
         <name>_ADC_setVREF</name>
         <value>0x850c0</value>
         <object_component_ref idref="oc-3f8"/>
      </symbol>
      <symbol id="sm-b60">
         <name>_CMPSS_configLatchOnPWMSYNC</name>
         <value>0x84f73</value>
         <object_component_ref idref="oc-417"/>
      </symbol>
      <symbol id="sm-b62">
         <name>_CMPSS_configFilterLow</name>
         <value>0x8495b</value>
         <object_component_ref idref="oc-40c"/>
      </symbol>
      <symbol id="sm-b64">
         <name>_CMPSS_configFilterHigh</name>
         <value>0x84912</value>
         <object_component_ref idref="oc-40b"/>
      </symbol>
      <symbol id="sm-b66">
         <name>_CMPSS_configRamp</name>
         <value>0x849a4</value>
         <object_component_ref idref="oc-412"/>
      </symbol>
      <symbol id="sm-b7c">
         <name>_CPUTimer_setEmulationMode</name>
         <value>0x85cc7</value>
         <object_component_ref idref="oc-41b"/>
      </symbol>
      <symbol id="sm-c2b">
         <name>_Flash_initModule</name>
         <value>0x9ac1</value>
         <object_component_ref idref="oc-38d"/>
      </symbol>
      <symbol id="sm-c6b">
         <name>_GPIO_setAnalogMode</name>
         <value>0x8440f</value>
         <object_component_ref idref="oc-394"/>
      </symbol>
      <symbol id="sm-c6d">
         <name>_GPIO_setControllerCore</name>
         <value>0x84cb4</value>
         <object_component_ref idref="oc-427"/>
      </symbol>
      <symbol id="sm-c6f">
         <name>_GPIO_setPinConfig</name>
         <value>0x84ceb</value>
         <object_component_ref idref="oc-3b8"/>
      </symbol>
      <symbol id="sm-c71">
         <name>_GPIO_setDirectionMode</name>
         <value>0x84df8</value>
         <object_component_ref idref="oc-426"/>
      </symbol>
      <symbol id="sm-c73">
         <name>_GPIO_setQualificationMode</name>
         <value>0x84d22</value>
         <object_component_ref idref="oc-3ba"/>
      </symbol>
      <symbol id="sm-c75">
         <name>_GPIO_setPadConfig</name>
         <value>0x846a0</value>
         <object_component_ref idref="oc-3b9"/>
      </symbol>
      <symbol id="sm-cb9">
         <name>_Interrupt_illegalOperationHandler</name>
         <value>0x8619f</value>
         <object_component_ref idref="oc-2ad"/>
      </symbol>
      <symbol id="sm-cbb">
         <name>_Interrupt_enable</name>
         <value>0x84d59</value>
         <object_component_ref idref="oc-3e7"/>
      </symbol>
      <symbol id="sm-cbd">
         <name>_Interrupt_initVectorTable</name>
         <value>0x854c8</value>
         <object_component_ref idref="oc-36b"/>
      </symbol>
      <symbol id="sm-cbf">
         <name>_Interrupt_initModule</name>
         <value>0x84c05</value>
         <object_component_ref idref="oc-36a"/>
      </symbol>
      <symbol id="sm-cc1">
         <name>_Interrupt_nmiHandler</name>
         <value>0x861a9</value>
         <object_component_ref idref="oc-2ae"/>
      </symbol>
      <symbol id="sm-cc3">
         <name>_Interrupt_defaultHandler</name>
         <value>0x859fa</value>
         <object_component_ref idref="oc-2ac"/>
      </symbol>
      <symbol id="sm-dc3">
         <name>_SysCtl_selectXTALSingleEnded</name>
         <value>0x851cd</value>
         <object_component_ref idref="oc-3eb"/>
      </symbol>
      <symbol id="sm-dc5">
         <name>_SysCtl_selectXTAL</name>
         <value>0x84a79</value>
         <object_component_ref idref="oc-3ea"/>
      </symbol>
      <symbol id="sm-dc7">
         <name>_SysCtl_delay</name>
         <value>0x9bef</value>
         <object_component_ref idref="oc-2df"/>
      </symbol>
      <symbol id="sm-dc8">
         <name>_SysCtl_selectOscSource</name>
         <value>0x847e2</value>
         <object_component_ref idref="oc-3b4"/>
      </symbol>
      <symbol id="sm-dca">
         <name>_SysCtl_isPLLValid</name>
         <value>0x83a43</value>
         <object_component_ref idref="oc-3b6"/>
      </symbol>
      <symbol id="sm-dcc">
         <name>_SysCtl_setClock</name>
         <value>0x83920</value>
         <object_component_ref idref="oc-38e"/>
      </symbol>
      <symbol id="sm-dce">
         <name>_SysCtl_getLowSpeedClock</name>
         <value>0x856c0</value>
         <object_component_ref idref="oc-391"/>
      </symbol>
      <symbol id="sm-dd0">
         <name>_SysCtl_getClock</name>
         <value>0x84479</value>
         <object_component_ref idref="oc-390"/>
      </symbol>
      <symbol id="sm-deb">
         <name>_XBAR_setEPWMMuxConfig</name>
         <value>0x84eea</value>
         <object_component_ref idref="oc-423"/>
      </symbol>
      <symbol id="sm-e07">
         <name>_c_int00</name>
         <value>0x845f5</value>
         <object_component_ref idref="oc-2f0"/>
      </symbol>
      <symbol id="sm-e08">
         <name>__stack</name>
         <value>0x400</value>
         <object_component_ref idref="oc-2f1"/>
      </symbol>
      <symbol id="sm-e19">
         <name>FS$$DIV</name>
         <value>0x840c3</value>
         <object_component_ref idref="oc-2f7"/>
      </symbol>
      <symbol id="sm-e27">
         <name>ULL$$CMP</name>
         <value>0x854f8</value>
         <object_component_ref idref="oc-2fc"/>
      </symbol>
      <symbol id="sm-e28">
         <name>LL$$CMP</name>
         <value>0x854e6</value>
         <object_component_ref idref="oc-2fc"/>
      </symbol>
      <symbol id="sm-e34">
         <name>UL$$MOD</name>
         <value>0x85018</value>
         <object_component_ref idref="oc-301"/>
      </symbol>
      <symbol id="sm-e35">
         <name>L$$MOD</name>
         <value>0x85003</value>
         <object_component_ref idref="oc-301"/>
      </symbol>
      <symbol id="sm-e36">
         <name>L$$DIV</name>
         <value>0x84ff4</value>
         <object_component_ref idref="oc-301"/>
      </symbol>
      <symbol id="sm-e37">
         <name>UL$$DIV</name>
         <value>0x85011</value>
         <object_component_ref idref="oc-301"/>
      </symbol>
      <symbol id="sm-e46">
         <name>_copy_in</name>
         <value>0x85282</value>
         <object_component_ref idref="oc-337"/>
      </symbol>
      <symbol id="sm-e58">
         <name>_memcpy</name>
         <value>0x85595</value>
         <object_component_ref idref="oc-34c"/>
      </symbol>
      <symbol id="sm-e65">
         <name>__system_pre_init</name>
         <value>0x86473</value>
         <object_component_ref idref="oc-336"/>
      </symbol>
      <symbol id="sm-e73">
         <name>__system_post_cinit</name>
         <value>0x86475</value>
         <object_component_ref idref="oc-338"/>
      </symbol>
      <symbol id="sm-e88">
         <name>C$$EXIT</name>
         <value>0x85047</value>
         <object_component_ref idref="oc-33a"/>
      </symbol>
      <symbol id="sm-e89">
         <name>_exit</name>
         <value>0x85049</value>
         <object_component_ref idref="oc-33a"/>
      </symbol>
      <symbol id="sm-e8b">
         <name>___TI_cleanup_ptr</name>
         <value>0x9878</value>
         <object_component_ref idref="oc-31c"/>
      </symbol>
      <symbol id="sm-e8c">
         <name>___TI_enable_exit_profile_output</name>
         <value>0x9876</value>
         <object_component_ref idref="oc-31c"/>
      </symbol>
      <symbol id="sm-e8d">
         <name>_abort</name>
         <value>0x85047</value>
         <object_component_ref idref="oc-33a"/>
      </symbol>
      <symbol id="sm-e8f">
         <name>___TI_dtors_ptr</name>
         <value>0x987a</value>
         <object_component_ref idref="oc-31c"/>
      </symbol>
      <symbol id="sm-ea3">
         <name>__unlock</name>
         <value>0x98fa</value>
         <object_component_ref idref="oc-3a6"/>
      </symbol>
      <symbol id="sm-ea4">
         <name>__lock</name>
         <value>0x98f8</value>
         <object_component_ref idref="oc-34e"/>
      </symbol>
      <symbol id="sm-ea5">
         <name>__register_lock</name>
         <value>0x86403</value>
         <object_component_ref idref="oc-373"/>
      </symbol>
      <symbol id="sm-ea7">
         <name>__nop</name>
         <value>0x86407</value>
         <object_component_ref idref="oc-373"/>
      </symbol>
      <symbol id="sm-ea9">
         <name>__register_unlock</name>
         <value>0x863ff</value>
         <object_component_ref idref="oc-373"/>
      </symbol>
      <symbol id="sm-eb9">
         <name>__args_main</name>
         <value>0x85d48</value>
         <object_component_ref idref="oc-339"/>
      </symbol>
   </symbol_table>
   <title>Link successful</title>
</link_info>
