<?xml version="1.0" encoding="ISO-8859-1" ?>
<link_info>
   <banner>TMS320C2000 Linker PC v22.6.1.LTS</banner>
   <copyright>Copyright (c) 1996-2018 Texas Instruments Incorporated</copyright>
   <link_time>0x683b2ddf</link_time>
   <link_errors>0x0</link_errors>
   <output_file>UPS_MUCI.out</output_file>
   <entry_point>
      <name>code_start</name>
      <address>0x83000</address>
   </entry_point>
   <input_file_list>
      <input_file id="fl-2">
         <path>.\</path>
         <kind>object</kind>
         <file>MUCI_bsp.obj</file>
         <name>MUCI_bsp.obj</name>
      </input_file>
      <input_file id="fl-3">
         <path>.\</path>
         <kind>object</kind>
         <file>Term_defs.obj</file>
         <name>Term_defs.obj</name>
      </input_file>
      <input_file id="fl-4">
         <path>.\syscfg\</path>
         <kind>object</kind>
         <file>board.obj</file>
         <name>board.obj</name>
      </input_file>
      <input_file id="fl-5">
         <path>.\syscfg\</path>
         <kind>object</kind>
         <file>c2000ware_libraries.obj</file>
         <name>c2000ware_libraries.obj</name>
      </input_file>
      <input_file id="fl-6">
         <path>.\</path>
         <kind>object</kind>
         <file>main.obj</file>
         <name>main.obj</name>
      </input_file>
      <input_file id="fl-7">
         <path>.\DeviceSupport\source\</path>
         <kind>object</kind>
         <file>f28003x_adc.obj</file>
         <name>f28003x_adc.obj</name>
      </input_file>
      <input_file id="fl-8">
         <path>.\DeviceSupport\source\</path>
         <kind>object</kind>
         <file>f28003x_cputimers.obj</file>
         <name>f28003x_cputimers.obj</name>
      </input_file>
      <input_file id="fl-9">
         <path>.\DeviceSupport\source\</path>
         <kind>object</kind>
         <file>f28003x_dbgier.obj</file>
         <name>f28003x_dbgier.obj</name>
      </input_file>
      <input_file id="fl-a">
         <path>.\DeviceSupport\source\</path>
         <kind>object</kind>
         <file>f28003x_defaultisr.obj</file>
         <name>f28003x_defaultisr.obj</name>
      </input_file>
      <input_file id="fl-b">
         <path>.\DeviceSupport\source\</path>
         <kind>object</kind>
         <file>f28003x_dma.obj</file>
         <name>f28003x_dma.obj</name>
      </input_file>
      <input_file id="fl-c">
         <path>.\DeviceSupport\source\</path>
         <kind>object</kind>
         <file>f28003x_epwm.obj</file>
         <name>f28003x_epwm.obj</name>
      </input_file>
      <input_file id="fl-d">
         <path>.\DeviceSupport\source\</path>
         <kind>object</kind>
         <file>f28003x_globalvariabledefs.obj</file>
         <name>f28003x_globalvariabledefs.obj</name>
      </input_file>
      <input_file id="fl-e">
         <path>.\DeviceSupport\source\</path>
         <kind>object</kind>
         <file>f28003x_gpio.obj</file>
         <name>f28003x_gpio.obj</name>
      </input_file>
      <input_file id="fl-f">
         <path>.\DeviceSupport\source\</path>
         <kind>object</kind>
         <file>f28003x_piectrl.obj</file>
         <name>f28003x_piectrl.obj</name>
      </input_file>
      <input_file id="fl-10">
         <path>.\DeviceSupport\source\</path>
         <kind>object</kind>
         <file>f28003x_pievect.obj</file>
         <name>f28003x_pievect.obj</name>
      </input_file>
      <input_file id="fl-11">
         <path>.\DeviceSupport\source\</path>
         <kind>object</kind>
         <file>f28003x_spi.obj</file>
         <name>f28003x_spi.obj</name>
      </input_file>
      <input_file id="fl-12">
         <path>.\DeviceSupport\source\</path>
         <kind>object</kind>
         <file>f28003x_sysctrl.obj</file>
         <name>f28003x_sysctrl.obj</name>
      </input_file>
      <input_file id="fl-13">
         <path>.\DeviceSupport\source\</path>
         <kind>object</kind>
         <file>f28003x_tempsensorconv.obj</file>
         <name>f28003x_tempsensorconv.obj</name>
      </input_file>
      <input_file id="fl-14">
         <path>.\DeviceSupport\source\</path>
         <kind>object</kind>
         <file>f28003x_usdelay.obj</file>
         <name>f28003x_usdelay.obj</name>
      </input_file>
      <input_file id="fl-15">
         <path>.\MUCI\</path>
         <kind>object</kind>
         <file>MUCI.obj</file>
         <name>MUCI.obj</name>
      </input_file>
      <input_file id="fl-16">
         <path>.\MUCI\</path>
         <kind>object</kind>
         <file>MUCI_CRCGenerator.obj</file>
         <name>MUCI_CRCGenerator.obj</name>
      </input_file>
      <input_file id="fl-17">
         <path>.\MUCI\</path>
         <kind>object</kind>
         <file>MUCI_MonitorCommands.obj</file>
         <name>MUCI_MonitorCommands.obj</name>
      </input_file>
      <input_file id="fl-18">
         <path>.\MUCI\</path>
         <kind>object</kind>
         <file>MUCI_Recorder.obj</file>
         <name>MUCI_Recorder.obj</name>
      </input_file>
      <input_file id="fl-19">
         <path>.\device\</path>
         <kind>object</kind>
         <file>device.obj</file>
         <name>device.obj</name>
      </input_file>
      <input_file id="fl-1a">
         <path>.\device\</path>
         <kind>object</kind>
         <file>f28003x_codestartbranch.obj</file>
         <name>f28003x_codestartbranch.obj</name>
      </input_file>
      <input_file id="fl-1b">
         <path>.\device\driverlib\</path>
         <kind>object</kind>
         <file>adc.obj</file>
         <name>adc.obj</name>
      </input_file>
      <input_file id="fl-1c">
         <path>.\device\driverlib\</path>
         <kind>object</kind>
         <file>aes.obj</file>
         <name>aes.obj</name>
      </input_file>
      <input_file id="fl-1d">
         <path>.\device\driverlib\</path>
         <kind>object</kind>
         <file>asysctl.obj</file>
         <name>asysctl.obj</name>
      </input_file>
      <input_file id="fl-1e">
         <path>.\device\driverlib\</path>
         <kind>object</kind>
         <file>bgcrc.obj</file>
         <name>bgcrc.obj</name>
      </input_file>
      <input_file id="fl-1f">
         <path>.\device\driverlib\</path>
         <kind>object</kind>
         <file>can.obj</file>
         <name>can.obj</name>
      </input_file>
      <input_file id="fl-20">
         <path>.\device\driverlib\</path>
         <kind>object</kind>
         <file>cla.obj</file>
         <name>cla.obj</name>
      </input_file>
      <input_file id="fl-21">
         <path>.\device\driverlib\</path>
         <kind>object</kind>
         <file>clb.obj</file>
         <name>clb.obj</name>
      </input_file>
      <input_file id="fl-22">
         <path>.\device\driverlib\</path>
         <kind>object</kind>
         <file>cmpss.obj</file>
         <name>cmpss.obj</name>
      </input_file>
      <input_file id="fl-23">
         <path>.\device\driverlib\</path>
         <kind>object</kind>
         <file>cputimer.obj</file>
         <name>cputimer.obj</name>
      </input_file>
      <input_file id="fl-24">
         <path>.\device\driverlib\</path>
         <kind>object</kind>
         <file>dac.obj</file>
         <name>dac.obj</name>
      </input_file>
      <input_file id="fl-25">
         <path>.\device\driverlib\</path>
         <kind>object</kind>
         <file>dcc.obj</file>
         <name>dcc.obj</name>
      </input_file>
      <input_file id="fl-26">
         <path>.\device\driverlib\</path>
         <kind>object</kind>
         <file>dcsm.obj</file>
         <name>dcsm.obj</name>
      </input_file>
      <input_file id="fl-27">
         <path>.\device\driverlib\</path>
         <kind>object</kind>
         <file>dma.obj</file>
         <name>dma.obj</name>
      </input_file>
      <input_file id="fl-28">
         <path>.\device\driverlib\</path>
         <kind>object</kind>
         <file>ecap.obj</file>
         <name>ecap.obj</name>
      </input_file>
      <input_file id="fl-29">
         <path>.\device\driverlib\</path>
         <kind>object</kind>
         <file>epg.obj</file>
         <name>epg.obj</name>
      </input_file>
      <input_file id="fl-2a">
         <path>.\device\driverlib\</path>
         <kind>object</kind>
         <file>epwm.obj</file>
         <name>epwm.obj</name>
      </input_file>
      <input_file id="fl-2b">
         <path>.\device\driverlib\</path>
         <kind>object</kind>
         <file>eqep.obj</file>
         <name>eqep.obj</name>
      </input_file>
      <input_file id="fl-2c">
         <path>.\device\driverlib\</path>
         <kind>object</kind>
         <file>erad.obj</file>
         <name>erad.obj</name>
      </input_file>
      <input_file id="fl-2d">
         <path>.\device\driverlib\</path>
         <kind>object</kind>
         <file>flash.obj</file>
         <name>flash.obj</name>
      </input_file>
      <input_file id="fl-2e">
         <path>.\device\driverlib\</path>
         <kind>object</kind>
         <file>fsi.obj</file>
         <name>fsi.obj</name>
      </input_file>
      <input_file id="fl-2f">
         <path>.\device\driverlib\</path>
         <kind>object</kind>
         <file>gpio.obj</file>
         <name>gpio.obj</name>
      </input_file>
      <input_file id="fl-30">
         <path>.\device\driverlib\</path>
         <kind>object</kind>
         <file>hic.obj</file>
         <name>hic.obj</name>
      </input_file>
      <input_file id="fl-31">
         <path>.\device\driverlib\</path>
         <kind>object</kind>
         <file>hrcap.obj</file>
         <name>hrcap.obj</name>
      </input_file>
      <input_file id="fl-32">
         <path>.\device\driverlib\</path>
         <kind>object</kind>
         <file>hrpwm.obj</file>
         <name>hrpwm.obj</name>
      </input_file>
      <input_file id="fl-33">
         <path>.\device\driverlib\</path>
         <kind>object</kind>
         <file>i2c.obj</file>
         <name>i2c.obj</name>
      </input_file>
      <input_file id="fl-34">
         <path>.\device\driverlib\</path>
         <kind>object</kind>
         <file>interrupt.obj</file>
         <name>interrupt.obj</name>
      </input_file>
      <input_file id="fl-35">
         <path>.\device\driverlib\</path>
         <kind>object</kind>
         <file>lin.obj</file>
         <name>lin.obj</name>
      </input_file>
      <input_file id="fl-36">
         <path>.\device\driverlib\</path>
         <kind>object</kind>
         <file>mcan.obj</file>
         <name>mcan.obj</name>
      </input_file>
      <input_file id="fl-37">
         <path>.\device\driverlib\</path>
         <kind>object</kind>
         <file>memcfg.obj</file>
         <name>memcfg.obj</name>
      </input_file>
      <input_file id="fl-38">
         <path>.\device\driverlib\</path>
         <kind>object</kind>
         <file>pmbus.obj</file>
         <name>pmbus.obj</name>
      </input_file>
      <input_file id="fl-39">
         <path>.\device\driverlib\</path>
         <kind>object</kind>
         <file>sci.obj</file>
         <name>sci.obj</name>
      </input_file>
      <input_file id="fl-3a">
         <path>.\device\driverlib\</path>
         <kind>object</kind>
         <file>sdfm.obj</file>
         <name>sdfm.obj</name>
      </input_file>
      <input_file id="fl-3b">
         <path>.\device\driverlib\</path>
         <kind>object</kind>
         <file>spi.obj</file>
         <name>spi.obj</name>
      </input_file>
      <input_file id="fl-3c">
         <path>.\device\driverlib\</path>
         <kind>object</kind>
         <file>sysctl.obj</file>
         <name>sysctl.obj</name>
      </input_file>
      <input_file id="fl-3d">
         <path>.\device\driverlib\</path>
         <kind>object</kind>
         <file>version.obj</file>
         <name>version.obj</name>
      </input_file>
      <input_file id="fl-3e">
         <path>.\device\driverlib\</path>
         <kind>object</kind>
         <file>xbar.obj</file>
         <name>xbar.obj</name>
      </input_file>
      <input_file id="fl-3f">
         <path>.\inc\</path>
         <kind>object</kind>
         <file>fsm.obj</file>
         <name>fsm.obj</name>
      </input_file>
      <input_file id="fl-40">
         <path>.\inc\</path>
         <kind>object</kind>
         <file>func.obj</file>
         <name>func.obj</name>
      </input_file>
      <input_file id="fl-41">
         <path>.\inc\</path>
         <kind>object</kind>
         <file>globals.obj</file>
         <name>globals.obj</name>
      </input_file>
      <input_file id="fl-42">
         <path>.\inc\</path>
         <kind>object</kind>
         <file>pid.obj</file>
         <name>pid.obj</name>
      </input_file>
      <input_file id="fl-4b">
         <kind>object</kind>
         <file>&lt;internal&gt;</file>
         <name>&lt;internal&gt;</name>
      </input_file>
      <input_file id="fl-57">
         <path>D:\Programs\TI\ccs1281\ccs\tools\compiler\ti-cgt-c2000_22.6.1.LTS\lib\</path>
         <kind>archive</kind>
         <file>rts2800_fpu32.lib</file>
         <name>boot28.asm.obj</name>
      </input_file>
      <input_file id="fl-58">
         <path>D:\Programs\TI\ccs1281\ccs\tools\compiler\ti-cgt-c2000_22.6.1.LTS\lib\</path>
         <kind>archive</kind>
         <file>rts2800_fpu32.lib</file>
         <name>fs_div28.asm.obj</name>
      </input_file>
      <input_file id="fl-59">
         <path>D:\Programs\TI\ccs1281\ccs\tools\compiler\ti-cgt-c2000_22.6.1.LTS\lib\</path>
         <kind>archive</kind>
         <file>rts2800_fpu32.lib</file>
         <name>ll_cmp28.asm.obj</name>
      </input_file>
      <input_file id="fl-5a">
         <path>D:\Programs\TI\ccs1281\ccs\tools\compiler\ti-cgt-c2000_22.6.1.LTS\lib\</path>
         <kind>archive</kind>
         <file>rts2800_fpu32.lib</file>
         <name>l_div28.asm.obj</name>
      </input_file>
      <input_file id="fl-5b">
         <path>D:\Programs\TI\ccs1281\ccs\tools\compiler\ti-cgt-c2000_22.6.1.LTS\lib\</path>
         <kind>archive</kind>
         <file>rts2800_fpu32.lib</file>
         <name>cpy_tbl.c.obj</name>
      </input_file>
      <input_file id="fl-5c">
         <path>D:\Programs\TI\ccs1281\ccs\tools\compiler\ti-cgt-c2000_22.6.1.LTS\lib\</path>
         <kind>archive</kind>
         <file>rts2800_fpu32.lib</file>
         <name>memcpy.c.obj</name>
      </input_file>
      <input_file id="fl-5d">
         <path>D:\Programs\TI\ccs1281\ccs\tools\compiler\ti-cgt-c2000_22.6.1.LTS\lib\</path>
         <kind>archive</kind>
         <file>rts2800_fpu32.lib</file>
         <name>pre_init.c.obj</name>
      </input_file>
      <input_file id="fl-5e">
         <path>D:\Programs\TI\ccs1281\ccs\tools\compiler\ti-cgt-c2000_22.6.1.LTS\lib\</path>
         <kind>archive</kind>
         <file>rts2800_fpu32.lib</file>
         <name>startup.c.obj</name>
      </input_file>
      <input_file id="fl-5f">
         <path>D:\Programs\TI\ccs1281\ccs\tools\compiler\ti-cgt-c2000_22.6.1.LTS\lib\</path>
         <kind>archive</kind>
         <file>rts2800_fpu32.lib</file>
         <name>exit.c.obj</name>
      </input_file>
      <input_file id="fl-60">
         <path>D:\Programs\TI\ccs1281\ccs\tools\compiler\ti-cgt-c2000_22.6.1.LTS\lib\</path>
         <kind>archive</kind>
         <file>rts2800_fpu32.lib</file>
         <name>_lock.c.obj</name>
      </input_file>
      <input_file id="fl-61">
         <path>D:\Programs\TI\ccs1281\ccs\tools\compiler\ti-cgt-c2000_22.6.1.LTS\lib\</path>
         <kind>archive</kind>
         <file>rts2800_fpu32.lib</file>
         <name>args_main.c.obj</name>
      </input_file>
   </input_file_list>
   <object_component_list>
      <object_component id="oc-97">
         <name>codestart</name>
         <load_address>0x83000</load_address>
         <run_address>0x83000</run_address>
         <size>0x2</size>
         <input_file_ref idref="fl-1a"/>
      </object_component>
      <object_component id="oc-39c">
         <name>.text:_MUCI_Command_READ_MON_TABS</name>
         <load_address>0x83008</load_address>
         <run_address>0x83008</run_address>
         <size>0x1db</size>
         <input_file_ref idref="fl-17"/>
      </object_component>
      <object_component id="oc-369">
         <name>.text:_EPWM_init</name>
         <load_address>0x831e3</load_address>
         <run_address>0x831e3</run_address>
         <size>0x140</size>
         <input_file_ref idref="fl-4"/>
      </object_component>
      <object_component id="oc-37d">
         <name>.text:_SysCtl_isPLLValid</name>
         <load_address>0x83323</load_address>
         <run_address>0x83323</run_address>
         <size>0x138</size>
         <input_file_ref idref="fl-3c"/>
      </object_component>
      <object_component id="oc-35d">
         <name>.text:_SysCtl_setClock</name>
         <load_address>0x8345b</load_address>
         <run_address>0x8345b</run_address>
         <size>0x128</size>
         <input_file_ref idref="fl-3c"/>
      </object_component>
      <object_component id="oc-376">
         <name>.text:_MUCI_SendPacket</name>
         <load_address>0x83583</load_address>
         <run_address>0x83583</run_address>
         <size>0x10a</size>
         <input_file_ref idref="fl-15"/>
      </object_component>
      <object_component id="oc-3a1">
         <name>.text:_MUCI_Command_READ</name>
         <load_address>0x8368d</load_address>
         <run_address>0x8368d</run_address>
         <size>0xf3</size>
         <input_file_ref idref="fl-17"/>
      </object_component>
      <object_component id="oc-373">
         <name>.text:_MUCI_ReceivePacket</name>
         <load_address>0x83780</load_address>
         <run_address>0x83780</run_address>
         <size>0xf3</size>
         <input_file_ref idref="fl-15"/>
      </object_component>
      <object_component id="oc-358">
         <name>.text:_UpdatePowerState</name>
         <load_address>0x83873</load_address>
         <run_address>0x83873</run_address>
         <size>0xeb</size>
         <input_file_ref idref="fl-3f"/>
      </object_component>
      <object_component id="oc-361">
         <name>.text:_Device_enableAllPeripherals</name>
         <load_address>0x8395e</load_address>
         <run_address>0x8395e</run_address>
         <size>0xd3</size>
         <input_file_ref idref="fl-19"/>
      </object_component>
      <object_component id="oc-39d">
         <name>.text:_MUCI_Command_MUCI_READ_BBX</name>
         <load_address>0x83a31</load_address>
         <run_address>0x83a31</run_address>
         <size>0xc6</size>
         <input_file_ref idref="fl-17"/>
      </object_component>
      <object_component id="oc-39e">
         <name>.text:_MUCI_Command_WRITE</name>
         <load_address>0x83af7</load_address>
         <run_address>0x83af7</run_address>
         <size>0xb8</size>
         <input_file_ref idref="fl-17"/>
      </object_component>
      <object_component id="oc-3b9">
         <name>.text:_MUCI_Get_uint64_MessageData</name>
         <load_address>0x83baf</load_address>
         <run_address>0x83baf</run_address>
         <size>0xb3</size>
         <input_file_ref idref="fl-15"/>
      </object_component>
      <object_component id="oc-367">
         <name>.text:_COMP_CURRENT_init</name>
         <load_address>0x83c62</load_address>
         <run_address>0x83c62</run_address>
         <size>0x9f</size>
         <input_file_ref idref="fl-4"/>
      </object_component>
      <object_component id="oc-3b6">
         <name>.text:_MUCI_bsp_Address_Calculation</name>
         <load_address>0x83d01</load_address>
         <run_address>0x83d01</run_address>
         <size>0x1</size>
         <input_file_ref idref="fl-2"/>
      </object_component>
      <object_component id="oc-399">
         <name>.text:_MUCI_Command_BOOT_READ_FLASH</name>
         <load_address>0x83d02</load_address>
         <run_address>0x83d02</run_address>
         <size>0x8f</size>
         <input_file_ref idref="fl-17"/>
      </object_component>
      <object_component id="oc-30a">
         <name>.text</name>
         <load_address>0x83d91</load_address>
         <run_address>0x83d91</run_address>
         <size>0x88</size>
         <input_file_ref idref="fl-58"/>
      </object_component>
      <object_component id="oc-394">
         <name>.text:_MUCI_Command_READ_TABVALUES</name>
         <load_address>0x83e19</load_address>
         <run_address>0x83e19</run_address>
         <size>0x78</size>
         <input_file_ref idref="fl-17"/>
      </object_component>
      <object_component id="oc-374">
         <name>.text:_MUCI_ProcessPacket</name>
         <load_address>0x83e91</load_address>
         <run_address>0x83e91</run_address>
         <size>0x6e</size>
         <input_file_ref idref="fl-15"/>
      </object_component>
      <object_component id="oc-3bd">
         <name>.text:_MUCI_Push_uint64_MessageData</name>
         <load_address>0x83eff</load_address>
         <run_address>0x83eff</run_address>
         <size>0x6c</size>
         <input_file_ref idref="fl-15"/>
      </object_component>
      <object_component id="oc-37a">
         <name>.text:_LedState</name>
         <load_address>0x83f6b</load_address>
         <run_address>0x83f6b</run_address>
         <size>0x6b</size>
         <input_file_ref idref="fl-40"/>
      </object_component>
      <object_component id="oc-362">
         <name>.text:_GPIO_setAnalogMode</name>
         <load_address>0x83fd6</load_address>
         <run_address>0x83fd6</run_address>
         <size>0x6a</size>
         <input_file_ref idref="fl-2f"/>
      </object_component>
      <object_component id="oc-39f">
         <name>.text:_MUCI_Command_WRITE_NEW</name>
         <load_address>0x84040</load_address>
         <run_address>0x84040</run_address>
         <size>0x68</size>
         <input_file_ref idref="fl-17"/>
      </object_component>
      <object_component id="oc-381">
         <name>.text:_ADC0_init</name>
         <load_address>0x840a8</load_address>
         <run_address>0x840a8</run_address>
         <size>0x67</size>
         <input_file_ref idref="fl-4"/>
      </object_component>
      <object_component id="oc-3a0">
         <name>.text:_MUCI_Command_READ_NEW</name>
         <load_address>0x8410f</load_address>
         <run_address>0x8410f</run_address>
         <size>0x62</size>
         <input_file_ref idref="fl-17"/>
      </object_component>
      <object_component id="oc-363">
         <name>.text:_PinMux_init</name>
         <load_address>0x84171</load_address>
         <run_address>0x84171</run_address>
         <size>0x5c</size>
         <input_file_ref idref="fl-4"/>
      </object_component>
      <object_component id="oc-350">
         <name>.text:_Device_init</name>
         <load_address>0x841cd</load_address>
         <run_address>0x841cd</run_address>
         <size>0x5b</size>
         <input_file_ref idref="fl-19"/>
      </object_component>
      <object_component id="oc-35e">
         <name>.text:_SysCtl_getClock</name>
         <load_address>0x84228</load_address>
         <run_address>0x84228</run_address>
         <size>0x59</size>
         <input_file_ref idref="fl-3c"/>
      </object_component>
      <object_component id="oc-303">
         <name>.text</name>
         <load_address>0x84281</load_address>
         <run_address>0x84281</run_address>
         <size>0x56</size>
         <input_file_ref idref="fl-57"/>
      </object_component>
      <object_component id="oc-37f">
         <name>.text:_GPIO_setPadConfig</name>
         <load_address>0x842d7</load_address>
         <run_address>0x842d7</run_address>
         <size>0x55</size>
         <input_file_ref idref="fl-2f"/>
      </object_component>
      <object_component id="oc-377">
         <name>.text:_FaultCheck</name>
         <load_address>0x8432c</load_address>
         <run_address>0x8432c</run_address>
         <size>0x52</size>
         <input_file_ref idref="fl-3f"/>
      </object_component>
      <object_component id="oc-378">
         <name>.text:_UpdateBatteryState</name>
         <load_address>0x8437e</load_address>
         <run_address>0x8437e</run_address>
         <size>0x52</size>
         <input_file_ref idref="fl-3f"/>
      </object_component>
      <object_component id="oc-385">
         <name>.text:_CMPSS_configRamp</name>
         <load_address>0x843d0</load_address>
         <run_address>0x843d0</run_address>
         <size>0x51</size>
         <input_file_ref idref="fl-22"/>
      </object_component>
      <object_component id="oc-b3">
         <name>.text:_INT_TIMER_1_ISR</name>
         <load_address>0x84421</load_address>
         <run_address>0x84421</run_address>
         <size>0x50</size>
         <input_file_ref idref="fl-6"/>
      </object_component>
      <object_component id="oc-382">
         <name>.text:_ADC1_init</name>
         <load_address>0x84471</load_address>
         <run_address>0x84471</run_address>
         <size>0x4f</size>
         <input_file_ref idref="fl-4"/>
      </object_component>
      <object_component id="oc-3a2">
         <name>.text:_MUCI_Command_BOOT_SEND_API</name>
         <load_address>0x844c0</load_address>
         <run_address>0x844c0</run_address>
         <size>0x4e</size>
         <input_file_ref idref="fl-17"/>
      </object_component>
      <object_component id="oc-383">
         <name>.text:_CMPSS_configFilterHigh</name>
         <load_address>0x8450e</load_address>
         <run_address>0x8450e</run_address>
         <size>0x48</size>
         <input_file_ref idref="fl-22"/>
      </object_component>
      <object_component id="oc-384">
         <name>.text:_CMPSS_configFilterLow</name>
         <load_address>0x84556</load_address>
         <run_address>0x84556</run_address>
         <size>0x48</size>
         <input_file_ref idref="fl-22"/>
      </object_component>
      <object_component id="oc-37c">
         <name>.text:_SysCtl_selectOscSource</name>
         <load_address>0x8459e</load_address>
         <run_address>0x8459e</run_address>
         <size>0x47</size>
         <input_file_ref idref="fl-3c"/>
      </object_component>
      <object_component id="oc-398">
         <name>.text:_MUCI_Command_BOOT_PROGRAM_FLASH</name>
         <load_address>0x845e5</load_address>
         <run_address>0x845e5</run_address>
         <size>0x45</size>
         <input_file_ref idref="fl-17"/>
      </object_component>
      <object_component id="oc-3a7">
         <name>.text:_SysCtl_selectXTAL</name>
         <load_address>0x8462a</load_address>
         <run_address>0x8462a</run_address>
         <size>0x45</size>
         <input_file_ref idref="fl-3c"/>
      </object_component>
      <object_component id="oc-356">
         <name>.text:_MUCI_bsp_Background</name>
         <load_address>0x8466f</load_address>
         <run_address>0x8466f</run_address>
         <size>0x43</size>
         <input_file_ref idref="fl-2"/>
      </object_component>
      <object_component id="oc-352">
         <name>.text:_Interrupt_initModule</name>
         <load_address>0x846b2</load_address>
         <run_address>0x846b2</run_address>
         <size>0x41</size>
         <input_file_ref idref="fl-34"/>
      </object_component>
      <object_component id="oc-3bf">
         <name>.text:_SysCtl_pollX1Counter</name>
         <load_address>0x846f3</load_address>
         <run_address>0x846f3</run_address>
         <size>0x3e</size>
         <input_file_ref idref="fl-3c"/>
      </object_component>
      <object_component id="oc-3bb">
         <name>.text:_MUCI_Push_uint32_MessageData</name>
         <load_address>0x84731</load_address>
         <run_address>0x84731</run_address>
         <size>0x3b</size>
         <input_file_ref idref="fl-15"/>
      </object_component>
      <object_component id="oc-39b">
         <name>.text:_MUCI_Command_BOOT_CLEAR_SECTOR</name>
         <load_address>0x8476c</load_address>
         <run_address>0x8476c</run_address>
         <size>0x3a</size>
         <input_file_ref idref="fl-17"/>
      </object_component>
      <object_component id="oc-3ab">
         <name>.text:_GPIO_setControllerCore</name>
         <load_address>0x847a6</load_address>
         <run_address>0x847a6</run_address>
         <size>0x38</size>
         <input_file_ref idref="fl-2f"/>
      </object_component>
      <object_component id="oc-380">
         <name>.text:_GPIO_setQualificationMode</name>
         <load_address>0x847de</load_address>
         <run_address>0x847de</run_address>
         <size>0x38</size>
         <input_file_ref idref="fl-2f"/>
      </object_component>
      <object_component id="oc-38f">
         <name>.text:_Interrupt_enable</name>
         <load_address>0x84816</load_address>
         <run_address>0x84816</run_address>
         <size>0x36</size>
         <input_file_ref idref="fl-34"/>
      </object_component>
      <object_component id="oc-34b">
         <name>.text:_main</name>
         <load_address>0x8484c</load_address>
         <run_address>0x8484c</run_address>
         <size>0x36</size>
         <input_file_ref idref="fl-6"/>
      </object_component>
      <object_component id="oc-3aa">
         <name>.text:_GPIO_setDirectionMode</name>
         <load_address>0x84882</load_address>
         <run_address>0x84882</run_address>
         <size>0x34</size>
         <input_file_ref idref="fl-2f"/>
      </object_component>
      <object_component id="oc-3a8">
         <name>.text:_ADC_setVREF</name>
         <load_address>0x848b6</load_address>
         <run_address>0x848b6</run_address>
         <size>0x33</size>
         <input_file_ref idref="fl-1b"/>
      </object_component>
      <object_component id="oc-386">
         <name>.text:_CMPSS_configLatchOnPWMSYNC</name>
         <load_address>0x848e9</load_address>
         <run_address>0x848e9</run_address>
         <size>0x33</size>
         <input_file_ref idref="fl-22"/>
      </object_component>
      <object_component id="oc-387">
         <name>.text:_TIMER_1_init</name>
         <load_address>0x8491c</load_address>
         <run_address>0x8491c</run_address>
         <size>0x33</size>
         <input_file_ref idref="fl-4"/>
      </object_component>
      <object_component id="oc-388">
         <name>.text:_TIMER_0_init</name>
         <load_address>0x8494f</load_address>
         <run_address>0x8494f</run_address>
         <size>0x31</size>
         <input_file_ref idref="fl-4"/>
      </object_component>
      <object_component id="oc-37e">
         <name>.text:_GPIO_setPinConfig</name>
         <load_address>0x84980</load_address>
         <run_address>0x84980</run_address>
         <size>0x30</size>
         <input_file_ref idref="fl-2f"/>
      </object_component>
      <object_component id="oc-395">
         <name>.text:_MUCI_Command_PING</name>
         <load_address>0x849b0</load_address>
         <run_address>0x849b0</run_address>
         <size>0x2e</size>
         <input_file_ref idref="fl-17"/>
      </object_component>
      <object_component id="oc-39a">
         <name>.text:_MUCI_Command_READ_TABNAMES</name>
         <load_address>0x849de</load_address>
         <run_address>0x849de</run_address>
         <size>0x2e</size>
         <input_file_ref idref="fl-17"/>
      </object_component>
      <object_component id="oc-397">
         <name>.text:_MUCI_Command_READ_UNITS</name>
         <load_address>0x84a0c</load_address>
         <run_address>0x84a0c</run_address>
         <size>0x2e</size>
         <input_file_ref idref="fl-17"/>
      </object_component>
      <object_component id="oc-3b7">
         <name>.text:_MUCI_Get_uint32_MessageData</name>
         <load_address>0x84a3a</load_address>
         <run_address>0x84a3a</run_address>
         <size>0x2e</size>
         <input_file_ref idref="fl-15"/>
      </object_component>
      <object_component id="oc-359">
         <name>.text:_Application</name>
         <load_address>0x84a68</load_address>
         <run_address>0x84a68</run_address>
         <size>0x2d</size>
         <input_file_ref idref="fl-6"/>
      </object_component>
      <object_component id="oc-3a5">
         <name>.text:_Blink</name>
         <load_address>0x84a95</load_address>
         <run_address>0x84a95</run_address>
         <size>0x2d</size>
         <input_file_ref idref="fl-40"/>
      </object_component>
      <object_component id="oc-357">
         <name>.text:_Control</name>
         <load_address>0x84ac2</load_address>
         <run_address>0x84ac2</run_address>
         <size>0x2c</size>
         <input_file_ref idref="fl-6"/>
      </object_component>
      <object_component id="oc-3a3">
         <name>.text:_MUCI_Command_GET_PROTOCOL_VERSION</name>
         <load_address>0x84aee</load_address>
         <run_address>0x84aee</run_address>
         <size>0x2c</size>
         <input_file_ref idref="fl-17"/>
      </object_component>
      <object_component id="oc-389">
         <name>.text:_XBAR_setEPWMMuxConfig</name>
         <load_address>0x84b1a</load_address>
         <run_address>0x84b1a</run_address>
         <size>0x2b</size>
         <input_file_ref idref="fl-3e"/>
      </object_component>
      <object_component id="oc-314">
         <name>.text</name>
         <load_address>0x84b45</load_address>
         <run_address>0x84b45</run_address>
         <size>0x2a</size>
         <input_file_ref idref="fl-5a"/>
      </object_component>
      <object_component id="oc-344">
         <name>.text</name>
         <load_address>0x84b6f</load_address>
         <run_address>0x84b6f</run_address>
         <size>0x29</size>
         <input_file_ref idref="fl-5f"/>
      </object_component>
      <object_component id="oc-341">
         <name>.text</name>
         <load_address>0x84b98</load_address>
         <run_address>0x84b98</run_address>
         <size>0x24</size>
         <input_file_ref idref="fl-5b"/>
      </object_component>
      <object_component id="oc-396">
         <name>.text:_MUCI_Command_REBOOT</name>
         <load_address>0x84bbc</load_address>
         <run_address>0x84bbc</run_address>
         <size>0x22</size>
         <input_file_ref idref="fl-17"/>
      </object_component>
      <object_component id="oc-3be">
         <name>.text:_MUCI_Push_uint16_MessageData</name>
         <load_address>0x84bde</load_address>
         <run_address>0x84bde</run_address>
         <size>0x22</size>
         <input_file_ref idref="fl-15"/>
      </object_component>
      <object_component id="oc-3a6">
         <name>.text:_SysCtl_selectXTALSingleEnded</name>
         <load_address>0x84c00</load_address>
         <run_address>0x84c00</run_address>
         <size>0x21</size>
         <input_file_ref idref="fl-3c"/>
      </object_component>
      <object_component id="oc-371">
         <name>.text:_MUCI_bsp_SCI_Recover</name>
         <load_address>0x84c21</load_address>
         <run_address>0x84c21</run_address>
         <size>0x1f</size>
         <input_file_ref idref="fl-2"/>
      </object_component>
      <object_component id="oc-3a9">
         <name>.text:_CPUTimer_setEmulationMode</name>
         <load_address>0x84c40</load_address>
         <run_address>0x84c40</run_address>
         <size>0x1e</size>
         <input_file_ref idref="fl-23"/>
      </object_component>
      <object_component id="oc-30f">
         <name>.text</name>
         <load_address>0x84c5e</load_address>
         <run_address>0x84c5e</run_address>
         <size>0x1e</size>
         <input_file_ref idref="fl-59"/>
      </object_component>
      <object_component id="oc-34a">
         <name>.text</name>
         <load_address>0x84c7c</load_address>
         <run_address>0x84c7c</run_address>
         <size>0x1d</size>
         <input_file_ref idref="fl-5c"/>
      </object_component>
      <object_component id="oc-3c0">
         <name>.text:_ADC_setOffsetTrimAll</name>
         <load_address>0x84c99</load_address>
         <run_address>0x84c99</run_address>
         <size>0x1a</size>
         <input_file_ref idref="fl-1b"/>
      </object_component>
      <object_component id="oc-392">
         <name>.text:_MUCI_CalcCheckSum</name>
         <load_address>0x84cb3</load_address>
         <run_address>0x84cb3</run_address>
         <size>0x19</size>
         <input_file_ref idref="fl-16"/>
      </object_component>
      <object_component id="oc-3ba">
         <name>.text:_MUCI_Get_uint16_MessageData</name>
         <load_address>0x84ccc</load_address>
         <run_address>0x84ccc</run_address>
         <size>0x19</size>
         <input_file_ref idref="fl-15"/>
      </object_component>
      <object_component id="oc-38a">
         <name>.text:_GATE_EN_init</name>
         <load_address>0x84ce5</load_address>
         <run_address>0x84ce5</run_address>
         <size>0x18</size>
         <input_file_ref idref="fl-4"/>
      </object_component>
      <object_component id="oc-38e">
         <name>.text:_LED2_init</name>
         <load_address>0x84cfd</load_address>
         <run_address>0x84cfd</run_address>
         <size>0x18</size>
         <input_file_ref idref="fl-4"/>
      </object_component>
      <object_component id="oc-372">
         <name>.text:_MUCI_Recorder_Background</name>
         <load_address>0x84d15</load_address>
         <run_address>0x84d15</run_address>
         <size>0x18</size>
         <input_file_ref idref="fl-18"/>
      </object_component>
      <object_component id="oc-38c">
         <name>.text:_SYSTEM_RESET_init</name>
         <load_address>0x84d2d</load_address>
         <run_address>0x84d2d</run_address>
         <size>0x18</size>
         <input_file_ref idref="fl-4"/>
      </object_component>
      <object_component id="oc-354">
         <name>.text:_Board_init</name>
         <load_address>0x84d45</load_address>
         <run_address>0x84d45</run_address>
         <size>0x17</size>
         <input_file_ref idref="fl-4"/>
      </object_component>
      <object_component id="oc-36c">
         <name>.text:_INTERRUPT_init</name>
         <load_address>0x84d5c</load_address>
         <run_address>0x84d5c</run_address>
         <size>0x17</size>
         <input_file_ref idref="fl-4"/>
      </object_component>
      <object_component id="oc-38d">
         <name>.text:_LED1_init</name>
         <load_address>0x84d73</load_address>
         <run_address>0x84d73</run_address>
         <size>0x17</size>
         <input_file_ref idref="fl-4"/>
      </object_component>
      <object_component id="oc-353">
         <name>.text:_Interrupt_initVectorTable</name>
         <load_address>0x84d8a</load_address>
         <run_address>0x84d8a</run_address>
         <size>0x15</size>
         <input_file_ref idref="fl-34"/>
      </object_component>
      <object_component id="oc-3b8">
         <name>.text:_MUCI_Get_uint8_MessageData</name>
         <load_address>0x84d9f</load_address>
         <run_address>0x84d9f</run_address>
         <size>0x15</size>
         <input_file_ref idref="fl-15"/>
      </object_component>
      <object_component id="oc-360">
         <name>.text:_SysCtl_getLowSpeedClock</name>
         <load_address>0x84db4</load_address>
         <run_address>0x84db4</run_address>
         <size>0x15</size>
         <input_file_ref idref="fl-3c"/>
      </object_component>
      <object_component id="oc-3bc">
         <name>.text:_MUCI_Push_uint8_MessageData</name>
         <load_address>0x84dc9</load_address>
         <run_address>0x84dc9</run_address>
         <size>0x14</size>
         <input_file_ref idref="fl-15"/>
      </object_component>
      <object_component id="oc-38b">
         <name>.text:_PATH_STATUS_init</name>
         <load_address>0x84ddd</load_address>
         <run_address>0x84ddd</run_address>
         <size>0x14</size>
         <input_file_ref idref="fl-4"/>
      </object_component>
      <object_component id="oc-355">
         <name>.text:_MUCI_bsp_Init</name>
         <load_address>0x84df1</load_address>
         <run_address>0x84df1</run_address>
         <size>0x13</size>
         <input_file_ref idref="fl-2"/>
      </object_component>
      <object_component id="oc-343">
         <name>.text</name>
         <load_address>0x84e04</load_address>
         <run_address>0x84e04</run_address>
         <size>0x12</size>
         <input_file_ref idref="fl-61"/>
      </object_component>
      <object_component id="oc-364">
         <name>.text:_SYNC_init</name>
         <load_address>0x84e16</load_address>
         <run_address>0x84e16</run_address>
         <size>0x11</size>
         <input_file_ref idref="fl-4"/>
      </object_component>
      <object_component id="oc-351">
         <name>.text:_Device_initGPIO</name>
         <load_address>0x84e27</load_address>
         <run_address>0x84e27</run_address>
         <size>0x10</size>
         <input_file_ref idref="fl-19"/>
      </object_component>
      <object_component id="oc-365">
         <name>.text:_ASYSCTL_init</name>
         <load_address>0x84e37</load_address>
         <run_address>0x84e37</run_address>
         <size>0xd</size>
         <input_file_ref idref="fl-4"/>
      </object_component>
      <object_component id="oc-123">
         <name>.text:_EMPTY_ISR</name>
         <load_address>0x84e44</load_address>
         <run_address>0x84e44</run_address>
         <size>0xd</size>
         <input_file_ref idref="fl-a"/>
      </object_component>
      <object_component id="oc-36d">
         <name>.text:_InitTermVars</name>
         <load_address>0x84e51</load_address>
         <run_address>0x84e51</run_address>
         <size>0xd</size>
         <input_file_ref idref="fl-3"/>
      </object_component>
      <object_component id="oc-2a9">
         <name>.text:_Interrupt_defaultHandler</name>
         <load_address>0x84e5e</load_address>
         <run_address>0x84e5e</run_address>
         <size>0xc</size>
         <input_file_ref idref="fl-34"/>
      </object_component>
      <object_component id="oc-370">
         <name>.text:_MUCI_Recorder_Init</name>
         <load_address>0x84e6a</load_address>
         <run_address>0x84e6a</run_address>
         <size>0xc</size>
         <input_file_ref idref="fl-18"/>
      </object_component>
      <object_component id="oc-36a">
         <name>.text:_myEPWMXBAR0_init</name>
         <load_address>0x84e76</load_address>
         <run_address>0x84e76</run_address>
         <size>0xc</size>
         <input_file_ref idref="fl-4"/>
      </object_component>
      <object_component id="oc-36b">
         <name>.text:_GPIO_init</name>
         <load_address>0x84e82</load_address>
         <run_address>0x84e82</run_address>
         <size>0xb</size>
         <input_file_ref idref="fl-4"/>
      </object_component>
      <object_component id="oc-152">
         <name>.text:_ADCA1_ISR</name>
         <load_address>0x84e8d</load_address>
         <run_address>0x84e8d</run_address>
         <size>0xa</size>
         <input_file_ref idref="fl-a"/>
      </object_component>
      <object_component id="oc-151">
         <name>.text:_ADCA2_ISR</name>
         <load_address>0x84e97</load_address>
         <run_address>0x84e97</run_address>
         <size>0xa</size>
         <input_file_ref idref="fl-a"/>
      </object_component>
      <object_component id="oc-150">
         <name>.text:_ADCA3_ISR</name>
         <load_address>0x84ea1</load_address>
         <run_address>0x84ea1</run_address>
         <size>0xa</size>
         <input_file_ref idref="fl-a"/>
      </object_component>
      <object_component id="oc-14f">
         <name>.text:_ADCA4_ISR</name>
         <load_address>0x84eab</load_address>
         <run_address>0x84eab</run_address>
         <size>0xa</size>
         <input_file_ref idref="fl-a"/>
      </object_component>
      <object_component id="oc-14e">
         <name>.text:_ADCA_EVT_ISR</name>
         <load_address>0x84eb5</load_address>
         <run_address>0x84eb5</run_address>
         <size>0xa</size>
         <input_file_ref idref="fl-a"/>
      </object_component>
      <object_component id="oc-14d">
         <name>.text:_ADCB1_ISR</name>
         <load_address>0x84ebf</load_address>
         <run_address>0x84ebf</run_address>
         <size>0xa</size>
         <input_file_ref idref="fl-a"/>
      </object_component>
      <object_component id="oc-14c">
         <name>.text:_ADCB2_ISR</name>
         <load_address>0x84ec9</load_address>
         <run_address>0x84ec9</run_address>
         <size>0xa</size>
         <input_file_ref idref="fl-a"/>
      </object_component>
      <object_component id="oc-14b">
         <name>.text:_ADCB3_ISR</name>
         <load_address>0x84ed3</load_address>
         <run_address>0x84ed3</run_address>
         <size>0xa</size>
         <input_file_ref idref="fl-a"/>
      </object_component>
      <object_component id="oc-14a">
         <name>.text:_ADCB4_ISR</name>
         <load_address>0x84edd</load_address>
         <run_address>0x84edd</run_address>
         <size>0xa</size>
         <input_file_ref idref="fl-a"/>
      </object_component>
      <object_component id="oc-149">
         <name>.text:_ADCB_EVT_ISR</name>
         <load_address>0x84ee7</load_address>
         <run_address>0x84ee7</run_address>
         <size>0xa</size>
         <input_file_ref idref="fl-a"/>
      </object_component>
      <object_component id="oc-148">
         <name>.text:_ADCC1_ISR</name>
         <load_address>0x84ef1</load_address>
         <run_address>0x84ef1</run_address>
         <size>0xa</size>
         <input_file_ref idref="fl-a"/>
      </object_component>
      <object_component id="oc-147">
         <name>.text:_ADCC2_ISR</name>
         <load_address>0x84efb</load_address>
         <run_address>0x84efb</run_address>
         <size>0xa</size>
         <input_file_ref idref="fl-a"/>
      </object_component>
      <object_component id="oc-146">
         <name>.text:_ADCC3_ISR</name>
         <load_address>0x84f05</load_address>
         <run_address>0x84f05</run_address>
         <size>0xa</size>
         <input_file_ref idref="fl-a"/>
      </object_component>
      <object_component id="oc-145">
         <name>.text:_ADCC4_ISR</name>
         <load_address>0x84f0f</load_address>
         <run_address>0x84f0f</run_address>
         <size>0xa</size>
         <input_file_ref idref="fl-a"/>
      </object_component>
      <object_component id="oc-144">
         <name>.text:_ADCC_EVT_ISR</name>
         <load_address>0x84f19</load_address>
         <run_address>0x84f19</run_address>
         <size>0xa</size>
         <input_file_ref idref="fl-a"/>
      </object_component>
      <object_component id="oc-143">
         <name>.text:_AES_SINTREQUEST_ISR</name>
         <load_address>0x84f23</load_address>
         <run_address>0x84f23</run_address>
         <size>0xa</size>
         <input_file_ref idref="fl-a"/>
      </object_component>
      <object_component id="oc-142">
         <name>.text:_BGCRC_CLA1_ISR</name>
         <load_address>0x84f2d</load_address>
         <run_address>0x84f2d</run_address>
         <size>0xa</size>
         <input_file_ref idref="fl-a"/>
      </object_component>
      <object_component id="oc-141">
         <name>.text:_BGCRC_ISR</name>
         <load_address>0x84f37</load_address>
         <run_address>0x84f37</run_address>
         <size>0xa</size>
         <input_file_ref idref="fl-a"/>
      </object_component>
      <object_component id="oc-140">
         <name>.text:_CANA0_ISR</name>
         <load_address>0x84f41</load_address>
         <run_address>0x84f41</run_address>
         <size>0xa</size>
         <input_file_ref idref="fl-a"/>
      </object_component>
      <object_component id="oc-13f">
         <name>.text:_CANA1_ISR</name>
         <load_address>0x84f4b</load_address>
         <run_address>0x84f4b</run_address>
         <size>0xa</size>
         <input_file_ref idref="fl-a"/>
      </object_component>
      <object_component id="oc-13e">
         <name>.text:_CLA1_1_ISR</name>
         <load_address>0x84f55</load_address>
         <run_address>0x84f55</run_address>
         <size>0xa</size>
         <input_file_ref idref="fl-a"/>
      </object_component>
      <object_component id="oc-13d">
         <name>.text:_CLA1_2_ISR</name>
         <load_address>0x84f5f</load_address>
         <run_address>0x84f5f</run_address>
         <size>0xa</size>
         <input_file_ref idref="fl-a"/>
      </object_component>
      <object_component id="oc-13c">
         <name>.text:_CLA1_3_ISR</name>
         <load_address>0x84f69</load_address>
         <run_address>0x84f69</run_address>
         <size>0xa</size>
         <input_file_ref idref="fl-a"/>
      </object_component>
      <object_component id="oc-13b">
         <name>.text:_CLA1_4_ISR</name>
         <load_address>0x84f73</load_address>
         <run_address>0x84f73</run_address>
         <size>0xa</size>
         <input_file_ref idref="fl-a"/>
      </object_component>
      <object_component id="oc-13a">
         <name>.text:_CLA1_5_ISR</name>
         <load_address>0x84f7d</load_address>
         <run_address>0x84f7d</run_address>
         <size>0xa</size>
         <input_file_ref idref="fl-a"/>
      </object_component>
      <object_component id="oc-139">
         <name>.text:_CLA1_6_ISR</name>
         <load_address>0x84f87</load_address>
         <run_address>0x84f87</run_address>
         <size>0xa</size>
         <input_file_ref idref="fl-a"/>
      </object_component>
      <object_component id="oc-138">
         <name>.text:_CLA1_7_ISR</name>
         <load_address>0x84f91</load_address>
         <run_address>0x84f91</run_address>
         <size>0xa</size>
         <input_file_ref idref="fl-a"/>
      </object_component>
      <object_component id="oc-137">
         <name>.text:_CLA1_8_ISR</name>
         <load_address>0x84f9b</load_address>
         <run_address>0x84f9b</run_address>
         <size>0xa</size>
         <input_file_ref idref="fl-a"/>
      </object_component>
      <object_component id="oc-136">
         <name>.text:_CLA_OVERFLOW_ISR</name>
         <load_address>0x84fa5</load_address>
         <run_address>0x84fa5</run_address>
         <size>0xa</size>
         <input_file_ref idref="fl-a"/>
      </object_component>
      <object_component id="oc-135">
         <name>.text:_CLA_UNDERFLOW_ISR</name>
         <load_address>0x84faf</load_address>
         <run_address>0x84faf</run_address>
         <size>0xa</size>
         <input_file_ref idref="fl-a"/>
      </object_component>
      <object_component id="oc-134">
         <name>.text:_CLB1_ISR</name>
         <load_address>0x84fb9</load_address>
         <run_address>0x84fb9</run_address>
         <size>0xa</size>
         <input_file_ref idref="fl-a"/>
      </object_component>
      <object_component id="oc-133">
         <name>.text:_CLB2_ISR</name>
         <load_address>0x84fc3</load_address>
         <run_address>0x84fc3</run_address>
         <size>0xa</size>
         <input_file_ref idref="fl-a"/>
      </object_component>
      <object_component id="oc-132">
         <name>.text:_CLB3_ISR</name>
         <load_address>0x84fcd</load_address>
         <run_address>0x84fcd</run_address>
         <size>0xa</size>
         <input_file_ref idref="fl-a"/>
      </object_component>
      <object_component id="oc-131">
         <name>.text:_CLB4_ISR</name>
         <load_address>0x84fd7</load_address>
         <run_address>0x84fd7</run_address>
         <size>0xa</size>
         <input_file_ref idref="fl-a"/>
      </object_component>
      <object_component id="oc-130">
         <name>.text:_DATALOG_ISR</name>
         <load_address>0x84fe1</load_address>
         <run_address>0x84fe1</run_address>
         <size>0xa</size>
         <input_file_ref idref="fl-a"/>
      </object_component>
      <object_component id="oc-12f">
         <name>.text:_DCC0_ISR</name>
         <load_address>0x84feb</load_address>
         <run_address>0x84feb</run_address>
         <size>0xa</size>
         <input_file_ref idref="fl-a"/>
      </object_component>
      <object_component id="oc-12e">
         <name>.text:_DCC1_ISR</name>
         <load_address>0x84ff5</load_address>
         <run_address>0x84ff5</run_address>
         <size>0xa</size>
         <input_file_ref idref="fl-a"/>
      </object_component>
      <object_component id="oc-12d">
         <name>.text:_DMA_CH1_ISR</name>
         <load_address>0x84fff</load_address>
         <run_address>0x84fff</run_address>
         <size>0xa</size>
         <input_file_ref idref="fl-a"/>
      </object_component>
      <object_component id="oc-12c">
         <name>.text:_DMA_CH2_ISR</name>
         <load_address>0x85009</load_address>
         <run_address>0x85009</run_address>
         <size>0xa</size>
         <input_file_ref idref="fl-a"/>
      </object_component>
      <object_component id="oc-12b">
         <name>.text:_DMA_CH3_ISR</name>
         <load_address>0x85013</load_address>
         <run_address>0x85013</run_address>
         <size>0xa</size>
         <input_file_ref idref="fl-a"/>
      </object_component>
      <object_component id="oc-12a">
         <name>.text:_DMA_CH4_ISR</name>
         <load_address>0x8501d</load_address>
         <run_address>0x8501d</run_address>
         <size>0xa</size>
         <input_file_ref idref="fl-a"/>
      </object_component>
      <object_component id="oc-129">
         <name>.text:_DMA_CH5_ISR</name>
         <load_address>0x85027</load_address>
         <run_address>0x85027</run_address>
         <size>0xa</size>
         <input_file_ref idref="fl-a"/>
      </object_component>
      <object_component id="oc-128">
         <name>.text:_DMA_CH6_ISR</name>
         <load_address>0x85031</load_address>
         <run_address>0x85031</run_address>
         <size>0xa</size>
         <input_file_ref idref="fl-a"/>
      </object_component>
      <object_component id="oc-127">
         <name>.text:_ECAP1_ISR</name>
         <load_address>0x8503b</load_address>
         <run_address>0x8503b</run_address>
         <size>0xa</size>
         <input_file_ref idref="fl-a"/>
      </object_component>
      <object_component id="oc-126">
         <name>.text:_ECAP2_ISR</name>
         <load_address>0x85045</load_address>
         <run_address>0x85045</run_address>
         <size>0xa</size>
         <input_file_ref idref="fl-a"/>
      </object_component>
      <object_component id="oc-125">
         <name>.text:_ECAP3_2_ISR</name>
         <load_address>0x8504f</load_address>
         <run_address>0x8504f</run_address>
         <size>0xa</size>
         <input_file_ref idref="fl-a"/>
      </object_component>
      <object_component id="oc-124">
         <name>.text:_ECAP3_ISR</name>
         <load_address>0x85059</load_address>
         <run_address>0x85059</run_address>
         <size>0xa</size>
         <input_file_ref idref="fl-a"/>
      </object_component>
      <object_component id="oc-122">
         <name>.text:_EMU_ISR</name>
         <load_address>0x85063</load_address>
         <run_address>0x85063</run_address>
         <size>0xa</size>
         <input_file_ref idref="fl-a"/>
      </object_component>
      <object_component id="oc-121">
         <name>.text:_EPWM1_ISR</name>
         <load_address>0x8506d</load_address>
         <run_address>0x8506d</run_address>
         <size>0xa</size>
         <input_file_ref idref="fl-a"/>
      </object_component>
      <object_component id="oc-120">
         <name>.text:_EPWM1_TZ_ISR</name>
         <load_address>0x85077</load_address>
         <run_address>0x85077</run_address>
         <size>0xa</size>
         <input_file_ref idref="fl-a"/>
      </object_component>
      <object_component id="oc-11f">
         <name>.text:_EPWM2_ISR</name>
         <load_address>0x85081</load_address>
         <run_address>0x85081</run_address>
         <size>0xa</size>
         <input_file_ref idref="fl-a"/>
      </object_component>
      <object_component id="oc-11e">
         <name>.text:_EPWM2_TZ_ISR</name>
         <load_address>0x8508b</load_address>
         <run_address>0x8508b</run_address>
         <size>0xa</size>
         <input_file_ref idref="fl-a"/>
      </object_component>
      <object_component id="oc-11d">
         <name>.text:_EPWM3_ISR</name>
         <load_address>0x85095</load_address>
         <run_address>0x85095</run_address>
         <size>0xa</size>
         <input_file_ref idref="fl-a"/>
      </object_component>
      <object_component id="oc-11c">
         <name>.text:_EPWM3_TZ_ISR</name>
         <load_address>0x8509f</load_address>
         <run_address>0x8509f</run_address>
         <size>0xa</size>
         <input_file_ref idref="fl-a"/>
      </object_component>
      <object_component id="oc-11b">
         <name>.text:_EPWM4_ISR</name>
         <load_address>0x850a9</load_address>
         <run_address>0x850a9</run_address>
         <size>0xa</size>
         <input_file_ref idref="fl-a"/>
      </object_component>
      <object_component id="oc-11a">
         <name>.text:_EPWM4_TZ_ISR</name>
         <load_address>0x850b3</load_address>
         <run_address>0x850b3</run_address>
         <size>0xa</size>
         <input_file_ref idref="fl-a"/>
      </object_component>
      <object_component id="oc-119">
         <name>.text:_EPWM5_ISR</name>
         <load_address>0x850bd</load_address>
         <run_address>0x850bd</run_address>
         <size>0xa</size>
         <input_file_ref idref="fl-a"/>
      </object_component>
      <object_component id="oc-118">
         <name>.text:_EPWM5_TZ_ISR</name>
         <load_address>0x850c7</load_address>
         <run_address>0x850c7</run_address>
         <size>0xa</size>
         <input_file_ref idref="fl-a"/>
      </object_component>
      <object_component id="oc-117">
         <name>.text:_EPWM6_ISR</name>
         <load_address>0x850d1</load_address>
         <run_address>0x850d1</run_address>
         <size>0xa</size>
         <input_file_ref idref="fl-a"/>
      </object_component>
      <object_component id="oc-116">
         <name>.text:_EPWM6_TZ_ISR</name>
         <load_address>0x850db</load_address>
         <run_address>0x850db</run_address>
         <size>0xa</size>
         <input_file_ref idref="fl-a"/>
      </object_component>
      <object_component id="oc-115">
         <name>.text:_EPWM7_ISR</name>
         <load_address>0x850e5</load_address>
         <run_address>0x850e5</run_address>
         <size>0xa</size>
         <input_file_ref idref="fl-a"/>
      </object_component>
      <object_component id="oc-114">
         <name>.text:_EPWM7_TZ_ISR</name>
         <load_address>0x850ef</load_address>
         <run_address>0x850ef</run_address>
         <size>0xa</size>
         <input_file_ref idref="fl-a"/>
      </object_component>
      <object_component id="oc-113">
         <name>.text:_EPWM8_ISR</name>
         <load_address>0x850f9</load_address>
         <run_address>0x850f9</run_address>
         <size>0xa</size>
         <input_file_ref idref="fl-a"/>
      </object_component>
      <object_component id="oc-112">
         <name>.text:_EPWM8_TZ_ISR</name>
         <load_address>0x85103</load_address>
         <run_address>0x85103</run_address>
         <size>0xa</size>
         <input_file_ref idref="fl-a"/>
      </object_component>
      <object_component id="oc-111">
         <name>.text:_EQEP1_ISR</name>
         <load_address>0x8510d</load_address>
         <run_address>0x8510d</run_address>
         <size>0xa</size>
         <input_file_ref idref="fl-a"/>
      </object_component>
      <object_component id="oc-110">
         <name>.text:_EQEP2_ISR</name>
         <load_address>0x85117</load_address>
         <run_address>0x85117</run_address>
         <size>0xa</size>
         <input_file_ref idref="fl-a"/>
      </object_component>
      <object_component id="oc-10f">
         <name>.text:_FLASH_CORR_ERR_ISR</name>
         <load_address>0x85121</load_address>
         <run_address>0x85121</run_address>
         <size>0xa</size>
         <input_file_ref idref="fl-a"/>
      </object_component>
      <object_component id="oc-10e">
         <name>.text:_FMC_ISR</name>
         <load_address>0x8512b</load_address>
         <run_address>0x8512b</run_address>
         <size>0xa</size>
         <input_file_ref idref="fl-a"/>
      </object_component>
      <object_component id="oc-10d">
         <name>.text:_FPU_OVERFLOW_ISR</name>
         <load_address>0x85135</load_address>
         <run_address>0x85135</run_address>
         <size>0xa</size>
         <input_file_ref idref="fl-a"/>
      </object_component>
      <object_component id="oc-10c">
         <name>.text:_FPU_UNDERFLOW_ISR</name>
         <load_address>0x8513f</load_address>
         <run_address>0x8513f</run_address>
         <size>0xa</size>
         <input_file_ref idref="fl-a"/>
      </object_component>
      <object_component id="oc-10b">
         <name>.text:_FSIRXA1_ISR</name>
         <load_address>0x85149</load_address>
         <run_address>0x85149</run_address>
         <size>0xa</size>
         <input_file_ref idref="fl-a"/>
      </object_component>
      <object_component id="oc-10a">
         <name>.text:_FSIRXA2_ISR</name>
         <load_address>0x85153</load_address>
         <run_address>0x85153</run_address>
         <size>0xa</size>
         <input_file_ref idref="fl-a"/>
      </object_component>
      <object_component id="oc-109">
         <name>.text:_FSITXA1_ISR</name>
         <load_address>0x8515d</load_address>
         <run_address>0x8515d</run_address>
         <size>0xa</size>
         <input_file_ref idref="fl-a"/>
      </object_component>
      <object_component id="oc-108">
         <name>.text:_FSITXA2_ISR</name>
         <load_address>0x85167</load_address>
         <run_address>0x85167</run_address>
         <size>0xa</size>
         <input_file_ref idref="fl-a"/>
      </object_component>
      <object_component id="oc-107">
         <name>.text:_HICA_ISR</name>
         <load_address>0x85171</load_address>
         <run_address>0x85171</run_address>
         <size>0xa</size>
         <input_file_ref idref="fl-a"/>
      </object_component>
      <object_component id="oc-106">
         <name>.text:_I2CA_FIFO_ISR</name>
         <load_address>0x8517b</load_address>
         <run_address>0x8517b</run_address>
         <size>0xa</size>
         <input_file_ref idref="fl-a"/>
      </object_component>
      <object_component id="oc-105">
         <name>.text:_I2CA_ISR</name>
         <load_address>0x85185</load_address>
         <run_address>0x85185</run_address>
         <size>0xa</size>
         <input_file_ref idref="fl-a"/>
      </object_component>
      <object_component id="oc-104">
         <name>.text:_I2CB_FIFO_ISR</name>
         <load_address>0x8518f</load_address>
         <run_address>0x8518f</run_address>
         <size>0xa</size>
         <input_file_ref idref="fl-a"/>
      </object_component>
      <object_component id="oc-103">
         <name>.text:_I2CB_ISR</name>
         <load_address>0x85199</load_address>
         <run_address>0x85199</run_address>
         <size>0xa</size>
         <input_file_ref idref="fl-a"/>
      </object_component>
      <object_component id="oc-102">
         <name>.text:_ILLEGAL_ISR</name>
         <load_address>0x851a3</load_address>
         <run_address>0x851a3</run_address>
         <size>0xa</size>
         <input_file_ref idref="fl-a"/>
      </object_component>
      <object_component id="oc-2a8">
         <name>.text:_Interrupt_illegalOperationHandler</name>
         <load_address>0x851ad</load_address>
         <run_address>0x851ad</run_address>
         <size>0xa</size>
         <input_file_ref idref="fl-34"/>
      </object_component>
      <object_component id="oc-2a7">
         <name>.text:_Interrupt_nmiHandler</name>
         <load_address>0x851b7</load_address>
         <run_address>0x851b7</run_address>
         <size>0xa</size>
         <input_file_ref idref="fl-34"/>
      </object_component>
      <object_component id="oc-101">
         <name>.text:_LINA_0_ISR</name>
         <load_address>0x851c1</load_address>
         <run_address>0x851c1</run_address>
         <size>0xa</size>
         <input_file_ref idref="fl-a"/>
      </object_component>
      <object_component id="oc-100">
         <name>.text:_LINA_1_ISR</name>
         <load_address>0x851cb</load_address>
         <run_address>0x851cb</run_address>
         <size>0xa</size>
         <input_file_ref idref="fl-a"/>
      </object_component>
      <object_component id="oc-ff">
         <name>.text:_LINB_0_ISR</name>
         <load_address>0x851d5</load_address>
         <run_address>0x851d5</run_address>
         <size>0xa</size>
         <input_file_ref idref="fl-a"/>
      </object_component>
      <object_component id="oc-fe">
         <name>.text:_LINB_1_ISR</name>
         <load_address>0x851df</load_address>
         <run_address>0x851df</run_address>
         <size>0xa</size>
         <input_file_ref idref="fl-a"/>
      </object_component>
      <object_component id="oc-fd">
         <name>.text:_MCAN_0_ISR</name>
         <load_address>0x851e9</load_address>
         <run_address>0x851e9</run_address>
         <size>0xa</size>
         <input_file_ref idref="fl-a"/>
      </object_component>
      <object_component id="oc-fc">
         <name>.text:_MCAN_1_ISR</name>
         <load_address>0x851f3</load_address>
         <run_address>0x851f3</run_address>
         <size>0xa</size>
         <input_file_ref idref="fl-a"/>
      </object_component>
      <object_component id="oc-fb">
         <name>.text:_MCAN_ECC_ISR</name>
         <load_address>0x851fd</load_address>
         <run_address>0x851fd</run_address>
         <size>0xa</size>
         <input_file_ref idref="fl-a"/>
      </object_component>
      <object_component id="oc-fa">
         <name>.text:_MCAN_WAKE_ISR</name>
         <load_address>0x85207</load_address>
         <run_address>0x85207</run_address>
         <size>0xa</size>
         <input_file_ref idref="fl-a"/>
      </object_component>
      <object_component id="oc-f9">
         <name>.text:_MPOST_ISR</name>
         <load_address>0x85211</load_address>
         <run_address>0x85211</run_address>
         <size>0xa</size>
         <input_file_ref idref="fl-a"/>
      </object_component>
      <object_component id="oc-f8">
         <name>.text:_NMI_ISR</name>
         <load_address>0x8521b</load_address>
         <run_address>0x8521b</run_address>
         <size>0xa</size>
         <input_file_ref idref="fl-a"/>
      </object_component>
      <object_component id="oc-f7">
         <name>.text:_NOTUSED_ISR</name>
         <load_address>0x85225</load_address>
         <run_address>0x85225</run_address>
         <size>0xa</size>
         <input_file_ref idref="fl-a"/>
      </object_component>
      <object_component id="oc-f6">
         <name>.text:_PIE_RESERVED_ISR</name>
         <load_address>0x8522f</load_address>
         <run_address>0x8522f</run_address>
         <size>0xa</size>
         <input_file_ref idref="fl-a"/>
      </object_component>
      <object_component id="oc-f5">
         <name>.text:_PMBUSA_ISR</name>
         <load_address>0x85239</load_address>
         <run_address>0x85239</run_address>
         <size>0xa</size>
         <input_file_ref idref="fl-a"/>
      </object_component>
      <object_component id="oc-f4">
         <name>.text:_RAM_ACC_VIOL_ISR</name>
         <load_address>0x85243</load_address>
         <run_address>0x85243</run_address>
         <size>0xa</size>
         <input_file_ref idref="fl-a"/>
      </object_component>
      <object_component id="oc-f3">
         <name>.text:_RAM_CORR_ERR_ISR</name>
         <load_address>0x8524d</load_address>
         <run_address>0x8524d</run_address>
         <size>0xa</size>
         <input_file_ref idref="fl-a"/>
      </object_component>
      <object_component id="oc-f2">
         <name>.text:_RTOS_ISR</name>
         <load_address>0x85257</load_address>
         <run_address>0x85257</run_address>
         <size>0xa</size>
         <input_file_ref idref="fl-a"/>
      </object_component>
      <object_component id="oc-f1">
         <name>.text:_SCIA_RX_ISR</name>
         <load_address>0x85261</load_address>
         <run_address>0x85261</run_address>
         <size>0xa</size>
         <input_file_ref idref="fl-a"/>
      </object_component>
      <object_component id="oc-f0">
         <name>.text:_SCIA_TX_ISR</name>
         <load_address>0x8526b</load_address>
         <run_address>0x8526b</run_address>
         <size>0xa</size>
         <input_file_ref idref="fl-a"/>
      </object_component>
      <object_component id="oc-ef">
         <name>.text:_SCIB_RX_ISR</name>
         <load_address>0x85275</load_address>
         <run_address>0x85275</run_address>
         <size>0xa</size>
         <input_file_ref idref="fl-a"/>
      </object_component>
      <object_component id="oc-ee">
         <name>.text:_SCIB_TX_ISR</name>
         <load_address>0x8527f</load_address>
         <run_address>0x8527f</run_address>
         <size>0xa</size>
         <input_file_ref idref="fl-a"/>
      </object_component>
      <object_component id="oc-ed">
         <name>.text:_SDFM1DR1_ISR</name>
         <load_address>0x85289</load_address>
         <run_address>0x85289</run_address>
         <size>0xa</size>
         <input_file_ref idref="fl-a"/>
      </object_component>
      <object_component id="oc-ec">
         <name>.text:_SDFM1DR2_ISR</name>
         <load_address>0x85293</load_address>
         <run_address>0x85293</run_address>
         <size>0xa</size>
         <input_file_ref idref="fl-a"/>
      </object_component>
      <object_component id="oc-eb">
         <name>.text:_SDFM1DR3_ISR</name>
         <load_address>0x8529d</load_address>
         <run_address>0x8529d</run_address>
         <size>0xa</size>
         <input_file_ref idref="fl-a"/>
      </object_component>
      <object_component id="oc-ea">
         <name>.text:_SDFM1DR4_ISR</name>
         <load_address>0x852a7</load_address>
         <run_address>0x852a7</run_address>
         <size>0xa</size>
         <input_file_ref idref="fl-a"/>
      </object_component>
      <object_component id="oc-e9">
         <name>.text:_SDFM1_ISR</name>
         <load_address>0x852b1</load_address>
         <run_address>0x852b1</run_address>
         <size>0xa</size>
         <input_file_ref idref="fl-a"/>
      </object_component>
      <object_component id="oc-e8">
         <name>.text:_SDFM2DR1_ISR</name>
         <load_address>0x852bb</load_address>
         <run_address>0x852bb</run_address>
         <size>0xa</size>
         <input_file_ref idref="fl-a"/>
      </object_component>
      <object_component id="oc-e7">
         <name>.text:_SDFM2DR2_ISR</name>
         <load_address>0x852c5</load_address>
         <run_address>0x852c5</run_address>
         <size>0xa</size>
         <input_file_ref idref="fl-a"/>
      </object_component>
      <object_component id="oc-e6">
         <name>.text:_SDFM2DR3_ISR</name>
         <load_address>0x852cf</load_address>
         <run_address>0x852cf</run_address>
         <size>0xa</size>
         <input_file_ref idref="fl-a"/>
      </object_component>
      <object_component id="oc-e5">
         <name>.text:_SDFM2DR4_ISR</name>
         <load_address>0x852d9</load_address>
         <run_address>0x852d9</run_address>
         <size>0xa</size>
         <input_file_ref idref="fl-a"/>
      </object_component>
      <object_component id="oc-e4">
         <name>.text:_SDFM2_ISR</name>
         <load_address>0x852e3</load_address>
         <run_address>0x852e3</run_address>
         <size>0xa</size>
         <input_file_ref idref="fl-a"/>
      </object_component>
      <object_component id="oc-e3">
         <name>.text:_SPIA_RX_ISR</name>
         <load_address>0x852ed</load_address>
         <run_address>0x852ed</run_address>
         <size>0xa</size>
         <input_file_ref idref="fl-a"/>
      </object_component>
      <object_component id="oc-e2">
         <name>.text:_SPIA_TX_ISR</name>
         <load_address>0x852f7</load_address>
         <run_address>0x852f7</run_address>
         <size>0xa</size>
         <input_file_ref idref="fl-a"/>
      </object_component>
      <object_component id="oc-e1">
         <name>.text:_SPIB_RX_ISR</name>
         <load_address>0x85301</load_address>
         <run_address>0x85301</run_address>
         <size>0xa</size>
         <input_file_ref idref="fl-a"/>
      </object_component>
      <object_component id="oc-e0">
         <name>.text:_SPIB_TX_ISR</name>
         <load_address>0x8530b</load_address>
         <run_address>0x8530b</run_address>
         <size>0xa</size>
         <input_file_ref idref="fl-a"/>
      </object_component>
      <object_component id="oc-df">
         <name>.text:_SYS_ERR_ISR</name>
         <load_address>0x85315</load_address>
         <run_address>0x85315</run_address>
         <size>0xa</size>
         <input_file_ref idref="fl-a"/>
      </object_component>
      <object_component id="oc-de">
         <name>.text:_TIMER0_ISR</name>
         <load_address>0x8531f</load_address>
         <run_address>0x8531f</run_address>
         <size>0xa</size>
         <input_file_ref idref="fl-a"/>
      </object_component>
      <object_component id="oc-dd">
         <name>.text:_TIMER1_ISR</name>
         <load_address>0x85329</load_address>
         <run_address>0x85329</run_address>
         <size>0xa</size>
         <input_file_ref idref="fl-a"/>
      </object_component>
      <object_component id="oc-dc">
         <name>.text:_TIMER2_ISR</name>
         <load_address>0x85333</load_address>
         <run_address>0x85333</run_address>
         <size>0xa</size>
         <input_file_ref idref="fl-a"/>
      </object_component>
      <object_component id="oc-db">
         <name>.text:_USER10_ISR</name>
         <load_address>0x8533d</load_address>
         <run_address>0x8533d</run_address>
         <size>0xa</size>
         <input_file_ref idref="fl-a"/>
      </object_component>
      <object_component id="oc-da">
         <name>.text:_USER11_ISR</name>
         <load_address>0x85347</load_address>
         <run_address>0x85347</run_address>
         <size>0xa</size>
         <input_file_ref idref="fl-a"/>
      </object_component>
      <object_component id="oc-d9">
         <name>.text:_USER12_ISR</name>
         <load_address>0x85351</load_address>
         <run_address>0x85351</run_address>
         <size>0xa</size>
         <input_file_ref idref="fl-a"/>
      </object_component>
      <object_component id="oc-d8">
         <name>.text:_USER1_ISR</name>
         <load_address>0x8535b</load_address>
         <run_address>0x8535b</run_address>
         <size>0xa</size>
         <input_file_ref idref="fl-a"/>
      </object_component>
      <object_component id="oc-d7">
         <name>.text:_USER2_ISR</name>
         <load_address>0x85365</load_address>
         <run_address>0x85365</run_address>
         <size>0xa</size>
         <input_file_ref idref="fl-a"/>
      </object_component>
      <object_component id="oc-d6">
         <name>.text:_USER3_ISR</name>
         <load_address>0x8536f</load_address>
         <run_address>0x8536f</run_address>
         <size>0xa</size>
         <input_file_ref idref="fl-a"/>
      </object_component>
      <object_component id="oc-d5">
         <name>.text:_USER4_ISR</name>
         <load_address>0x85379</load_address>
         <run_address>0x85379</run_address>
         <size>0xa</size>
         <input_file_ref idref="fl-a"/>
      </object_component>
      <object_component id="oc-d4">
         <name>.text:_USER5_ISR</name>
         <load_address>0x85383</load_address>
         <run_address>0x85383</run_address>
         <size>0xa</size>
         <input_file_ref idref="fl-a"/>
      </object_component>
      <object_component id="oc-d3">
         <name>.text:_USER6_ISR</name>
         <load_address>0x8538d</load_address>
         <run_address>0x8538d</run_address>
         <size>0xa</size>
         <input_file_ref idref="fl-a"/>
      </object_component>
      <object_component id="oc-d2">
         <name>.text:_USER7_ISR</name>
         <load_address>0x85397</load_address>
         <run_address>0x85397</run_address>
         <size>0xa</size>
         <input_file_ref idref="fl-a"/>
      </object_component>
      <object_component id="oc-d1">
         <name>.text:_USER8_ISR</name>
         <load_address>0x853a1</load_address>
         <run_address>0x853a1</run_address>
         <size>0xa</size>
         <input_file_ref idref="fl-a"/>
      </object_component>
      <object_component id="oc-d0">
         <name>.text:_USER9_ISR</name>
         <load_address>0x853ab</load_address>
         <run_address>0x853ab</run_address>
         <size>0xa</size>
         <input_file_ref idref="fl-a"/>
      </object_component>
      <object_component id="oc-cf">
         <name>.text:_WAKE_ISR</name>
         <load_address>0x853b5</load_address>
         <run_address>0x853b5</run_address>
         <size>0xa</size>
         <input_file_ref idref="fl-a"/>
      </object_component>
      <object_component id="oc-ce">
         <name>.text:_XINT1_ISR</name>
         <load_address>0x853bf</load_address>
         <run_address>0x853bf</run_address>
         <size>0xa</size>
         <input_file_ref idref="fl-a"/>
      </object_component>
      <object_component id="oc-cd">
         <name>.text:_XINT2_ISR</name>
         <load_address>0x853c9</load_address>
         <run_address>0x853c9</run_address>
         <size>0xa</size>
         <input_file_ref idref="fl-a"/>
      </object_component>
      <object_component id="oc-cc">
         <name>.text:_XINT3_ISR</name>
         <load_address>0x853d3</load_address>
         <run_address>0x853d3</run_address>
         <size>0xa</size>
[...]
         <value>0x85430</value>
         <object_component_ref idref="oc-36e"/>
      </symbol>
      <symbol id="sm-7b4">
         <name>_MUCI_Counters</name>
         <value>0x9870</value>
         <object_component_ref idref="oc-204"/>
      </symbol>
      <symbol id="sm-7b5">
         <name>_MUCI_ProcessPacket</name>
         <value>0x83e91</value>
         <object_component_ref idref="oc-374"/>
      </symbol>
      <symbol id="sm-7b7">
         <name>_MUCI_GetDeviceAddress</name>
         <value>0x85428</value>
         <object_component_ref idref="oc-393"/>
      </symbol>
      <symbol id="sm-7b9">
         <name>_MUCI_Push_uint16_MessageData</name>
         <value>0x84bde</value>
         <object_component_ref idref="oc-3be"/>
      </symbol>
      <symbol id="sm-7bb">
         <name>_MUCI_Get_uint32_MessageData</name>
         <value>0x84a3a</value>
         <object_component_ref idref="oc-3b7"/>
      </symbol>
      <symbol id="sm-7bd">
         <name>_MUCI_NeedDataDLE</name>
         <value>0x853fa</value>
         <object_component_ref idref="oc-3a4"/>
      </symbol>
      <symbol id="sm-7bf">
         <name>_MUCI_Get_uint64_MessageData</name>
         <value>0x83baf</value>
         <object_component_ref idref="oc-3b9"/>
      </symbol>
      <symbol id="sm-7c1">
         <name>_MUCI_SetApplicationState</name>
         <value>0x8542c</value>
         <object_component_ref idref="oc-36f"/>
      </symbol>
      <symbol id="sm-7c3">
         <name>_MUCI_GetApplicationState</name>
         <value>0x85424</value>
         <object_component_ref idref="oc-3b0"/>
      </symbol>
      <symbol id="sm-7d6">
         <name>_MUCI_CalcCheckSum</name>
         <value>0x84cb3</value>
         <object_component_ref idref="oc-392"/>
      </symbol>
      <symbol id="sm-82e">
         <name>_MUCI_Command_MUCI_READ_BBX</name>
         <value>0x83a31</value>
         <object_component_ref idref="oc-39d"/>
      </symbol>
      <symbol id="sm-830">
         <name>_MUCI_Command_BOOT_SEND_API</name>
         <value>0x844c0</value>
         <object_component_ref idref="oc-3a2"/>
      </symbol>
      <symbol id="sm-832">
         <name>_MUCI_Command_READ_MON_TABS</name>
         <value>0x83008</value>
         <object_component_ref idref="oc-39c"/>
      </symbol>
      <symbol id="sm-834">
         <name>_MUCI_Command_BOOT_PROGRAM_FLASH</name>
         <value>0x845e5</value>
         <object_component_ref idref="oc-398"/>
      </symbol>
      <symbol id="sm-836">
         <name>_MUCI_Command_READ_UNITS</name>
         <value>0x84a0c</value>
         <object_component_ref idref="oc-397"/>
      </symbol>
      <symbol id="sm-838">
         <name>_MUCI_Command_READ_NEW</name>
         <value>0x8410f</value>
         <object_component_ref idref="oc-3a0"/>
      </symbol>
      <symbol id="sm-83a">
         <name>_copy_start_address</name>
         <value>0x987e</value>
         <object_component_ref idref="oc-20f"/>
      </symbol>
      <symbol id="sm-83b">
         <name>_MUCI_Command_BOOT_CLEAR_SECTOR</name>
         <value>0x8476c</value>
         <object_component_ref idref="oc-39b"/>
      </symbol>
      <symbol id="sm-83d">
         <name>_MUCI_Command_PING</name>
         <value>0x849b0</value>
         <object_component_ref idref="oc-395"/>
      </symbol>
      <symbol id="sm-83f">
         <name>_MUCI_Command_WRITE_NEW</name>
         <value>0x84040</value>
         <object_component_ref idref="oc-39f"/>
      </symbol>
      <symbol id="sm-841">
         <name>_MUCI_Command_READ_TABVALUES</name>
         <value>0x83e19</value>
         <object_component_ref idref="oc-394"/>
      </symbol>
      <symbol id="sm-843">
         <name>_MUCI_Command_WRITE</name>
         <value>0x83af7</value>
         <object_component_ref idref="oc-39e"/>
      </symbol>
      <symbol id="sm-845">
         <name>_MUCI_Command_READ</name>
         <value>0x8368d</value>
         <object_component_ref idref="oc-3a1"/>
      </symbol>
      <symbol id="sm-847">
         <name>_API_start_address</name>
         <value>0x987c</value>
         <object_component_ref idref="oc-20f"/>
      </symbol>
      <symbol id="sm-848">
         <name>_MUCI_Command_BOOT_READ_FLASH</name>
         <value>0x83d02</value>
         <object_component_ref idref="oc-399"/>
      </symbol>
      <symbol id="sm-84a">
         <name>_MUCI_Command_REBOOT</name>
         <value>0x84bbc</value>
         <object_component_ref idref="oc-396"/>
      </symbol>
      <symbol id="sm-84c">
         <name>_MUCI_Command_GET_PROTOCOL_VERSION</name>
         <value>0x84aee</value>
         <object_component_ref idref="oc-3a3"/>
      </symbol>
      <symbol id="sm-84e">
         <name>_MUCI_Command_READ_TABNAMES</name>
         <value>0x849de</value>
         <object_component_ref idref="oc-39a"/>
      </symbol>
      <symbol id="sm-885">
         <name>_MUCI_Recorder_Background</name>
         <value>0x84d15</value>
         <object_component_ref idref="oc-372"/>
      </symbol>
      <symbol id="sm-887">
         <name>_MUCI_Recorder_Trigger</name>
         <value>0x9ae7</value>
         <object_component_ref idref="oc-33f"/>
      </symbol>
      <symbol id="sm-889">
         <name>_CalcTrigValueGreater</name>
         <value>0x9d0a</value>
         <object_component_ref idref="oc-349"/>
      </symbol>
      <symbol id="sm-88b">
         <name>_MUCI_RecorderData</name>
         <value>0x8000</value>
         <object_component_ref idref="oc-348"/>
      </symbol>
      <symbol id="sm-88c">
         <name>_MUCI_RecorderLength</name>
         <value>0x984c</value>
         <object_component_ref idref="oc-216"/>
      </symbol>
      <symbol id="sm-88d">
         <name>_FieldWatchError</name>
         <value>0x984a</value>
         <object_component_ref idref="oc-216"/>
      </symbol>
      <symbol id="sm-88e">
         <name>_MUCI_Recorder_Init</name>
         <value>0x84e6a</value>
         <object_component_ref idref="oc-370"/>
      </symbol>
      <symbol id="sm-890">
         <name>_MUCI_RecorderParameter</name>
         <value>0x984e</value>
         <object_component_ref idref="oc-216"/>
      </symbol>
      <symbol id="sm-8a4">
         <name>_Device_initGPIO</name>
         <value>0x84e27</value>
         <object_component_ref idref="oc-351"/>
      </symbol>
      <symbol id="sm-8a6">
         <name>___error__</name>
         <value>0x85434</value>
         <object_component_ref idref="oc-35f"/>
      </symbol>
      <symbol id="sm-8a8">
         <name>_Device_init</name>
         <value>0x841cd</value>
         <object_component_ref idref="oc-350"/>
      </symbol>
      <symbol id="sm-8aa">
         <name>_Device_enableAllPeripherals</name>
         <value>0x8395e</value>
         <object_component_ref idref="oc-361"/>
      </symbol>
      <symbol id="sm-8bb">
         <name>code_start</name>
         <value>0x83000</value>
         <object_component_ref idref="oc-97"/>
      </symbol>
      <symbol id="sm-8d5">
         <name>_ADC_setOffsetTrimAll</name>
         <value>0x84c99</value>
         <object_component_ref idref="oc-3c0"/>
      </symbol>
      <symbol id="sm-8d7">
         <name>_ADC_setVREF</name>
         <value>0x848b6</value>
         <object_component_ref idref="oc-3a8"/>
      </symbol>
      <symbol id="sm-93b">
         <name>_CMPSS_configLatchOnPWMSYNC</name>
         <value>0x848e9</value>
         <object_component_ref idref="oc-386"/>
      </symbol>
      <symbol id="sm-93d">
         <name>_CMPSS_configFilterLow</name>
         <value>0x84556</value>
         <object_component_ref idref="oc-384"/>
      </symbol>
      <symbol id="sm-93f">
         <name>_CMPSS_configFilterHigh</name>
         <value>0x8450e</value>
         <object_component_ref idref="oc-383"/>
      </symbol>
      <symbol id="sm-941">
         <name>_CMPSS_configRamp</name>
         <value>0x843d0</value>
         <object_component_ref idref="oc-385"/>
      </symbol>
      <symbol id="sm-954">
         <name>_CPUTimer_setEmulationMode</name>
         <value>0x84c40</value>
         <object_component_ref idref="oc-3a9"/>
      </symbol>
      <symbol id="sm-9e3">
         <name>_Flash_initModule</name>
         <value>0x99f0</value>
         <object_component_ref idref="oc-35c"/>
      </symbol>
      <symbol id="sm-a26">
         <name>_GPIO_setAnalogMode</name>
         <value>0x83fd6</value>
         <object_component_ref idref="oc-362"/>
      </symbol>
      <symbol id="sm-a28">
         <name>_GPIO_setControllerCore</name>
         <value>0x847a6</value>
         <object_component_ref idref="oc-3ab"/>
      </symbol>
      <symbol id="sm-a2a">
         <name>_GPIO_setPinConfig</name>
         <value>0x84980</value>
         <object_component_ref idref="oc-37e"/>
      </symbol>
      <symbol id="sm-a2c">
         <name>_GPIO_setDirectionMode</name>
         <value>0x84882</value>
         <object_component_ref idref="oc-3aa"/>
      </symbol>
      <symbol id="sm-a2e">
         <name>_GPIO_setQualificationMode</name>
         <value>0x847de</value>
         <object_component_ref idref="oc-380"/>
      </symbol>
      <symbol id="sm-a30">
         <name>_GPIO_setPadConfig</name>
         <value>0x842d7</value>
         <object_component_ref idref="oc-37f"/>
      </symbol>
      <symbol id="sm-a66">
         <name>_Interrupt_illegalOperationHandler</name>
         <value>0x851ad</value>
         <object_component_ref idref="oc-2a8"/>
      </symbol>
      <symbol id="sm-a68">
         <name>_Interrupt_enable</name>
         <value>0x84816</value>
         <object_component_ref idref="oc-38f"/>
      </symbol>
      <symbol id="sm-a6a">
         <name>_Interrupt_initVectorTable</name>
         <value>0x84d8a</value>
         <object_component_ref idref="oc-353"/>
      </symbol>
      <symbol id="sm-a6c">
         <name>_Interrupt_initModule</name>
         <value>0x846b2</value>
         <object_component_ref idref="oc-352"/>
      </symbol>
      <symbol id="sm-a6e">
         <name>_Interrupt_nmiHandler</name>
         <value>0x851b7</value>
         <object_component_ref idref="oc-2a7"/>
      </symbol>
      <symbol id="sm-a70">
         <name>_Interrupt_defaultHandler</name>
         <value>0x84e5e</value>
         <object_component_ref idref="oc-2a9"/>
      </symbol>
      <symbol id="sm-b26">
         <name>_SysCtl_selectXTALSingleEnded</name>
         <value>0x84c00</value>
         <object_component_ref idref="oc-3a6"/>
      </symbol>
      <symbol id="sm-b28">
         <name>_SysCtl_selectXTAL</name>
         <value>0x8462a</value>
         <object_component_ref idref="oc-3a7"/>
      </symbol>
      <symbol id="sm-b2a">
         <name>_SysCtl_delay</name>
         <value>0x9de1</value>
         <object_component_ref idref="oc-2da"/>
      </symbol>
      <symbol id="sm-b2b">
         <name>_SysCtl_selectOscSource</name>
         <value>0x8459e</value>
         <object_component_ref idref="oc-37c"/>
      </symbol>
      <symbol id="sm-b2d">
         <name>_SysCtl_isPLLValid</name>
         <value>0x83323</value>
         <object_component_ref idref="oc-37d"/>
      </symbol>
      <symbol id="sm-b2f">
         <name>_SysCtl_setClock</name>
         <value>0x8345b</value>
         <object_component_ref idref="oc-35d"/>
      </symbol>
      <symbol id="sm-b31">
         <name>_SysCtl_getLowSpeedClock</name>
         <value>0x84db4</value>
         <object_component_ref idref="oc-360"/>
      </symbol>
      <symbol id="sm-b33">
         <name>_SysCtl_getClock</name>
         <value>0x84228</value>
         <object_component_ref idref="oc-35e"/>
      </symbol>
      <symbol id="sm-b4c">
         <name>_XBAR_setEPWMMuxConfig</name>
         <value>0x84b1a</value>
         <object_component_ref idref="oc-389"/>
      </symbol>
      <symbol id="sm-b8c">
         <name>_UpdateBatteryState</name>
         <value>0x8437e</value>
         <object_component_ref idref="oc-378"/>
      </symbol>
      <symbol id="sm-b8e">
         <name>_HandlePowerStates</name>
         <value>0x9cb7</value>
         <object_component_ref idref="oc-33e"/>
      </symbol>
      <symbol id="sm-b90">
         <name>_UpdatePowerState</name>
         <value>0x83873</value>
         <object_component_ref idref="oc-358"/>
      </symbol>
      <symbol id="sm-b92">
         <name>_fsm_err</name>
         <value>0x993c</value>
         <object_component_ref idref="oc-2ed"/>
      </symbol>
      <symbol id="sm-b93">
         <name>_FaultCheck</name>
         <value>0x8432c</value>
         <object_component_ref idref="oc-377"/>
      </symbol>
      <symbol id="sm-b95">
         <name>_powerState</name>
         <value>0x993a</value>
         <object_component_ref idref="oc-2ed"/>
      </symbol>
      <symbol id="sm-b96">
         <name>_batteryState</name>
         <value>0x993b</value>
         <object_component_ref idref="oc-2ed"/>
      </symbol>
      <symbol id="sm-bbd">
         <name>_GateControl</name>
         <value>0x9d81</value>
         <object_component_ref idref="oc-347"/>
      </symbol>
      <symbol id="sm-bbf">
         <name>_LedState</name>
         <value>0x83f6b</value>
         <object_component_ref idref="oc-37a"/>
      </symbol>
      <symbol id="sm-bc1">
         <name>_Blink</name>
         <value>0x84a95</value>
         <object_component_ref idref="oc-3a5"/>
      </symbol>
      <symbol id="sm-bce">
         <name>_battery</name>
         <value>0x999e</value>
         <object_component_ref idref="oc-2fa"/>
      </symbol>
      <symbol id="sm-bcf">
         <name>_usbPower</name>
         <value>0x9994</value>
         <object_component_ref idref="oc-2fa"/>
      </symbol>
      <symbol id="sm-bec">
         <name>_VBuckReg</name>
         <value>0x98c0</value>
         <object_component_ref idref="oc-2fe"/>
      </symbol>
      <symbol id="sm-bed">
         <name>_ControlBuck</name>
         <value>0x9dce</value>
         <object_component_ref idref="oc-345"/>
      </symbol>
      <symbol id="sm-bef">
         <name>_VBoostSlow</name>
         <value>0x98e4</value>
         <object_component_ref idref="oc-2fe"/>
      </symbol>
      <symbol id="sm-bf0">
         <name>_IBattFast</name>
         <value>0x9880</value>
         <object_component_ref idref="oc-2fe"/>
      </symbol>
      <symbol id="sm-bf1">
         <name>_PID</name>
         <value>0x9d4f</value>
         <object_component_ref idref="oc-34e"/>
      </symbol>
      <symbol id="sm-bf3">
         <name>_ControlCurrent</name>
         <value>0x9db7</value>
         <object_component_ref idref="oc-34f"/>
      </symbol>
      <symbol id="sm-bf5">
         <name>_IBattSlow</name>
         <value>0x9892</value>
         <object_component_ref idref="oc-2fe"/>
      </symbol>
      <symbol id="sm-bf6">
         <name>_VBoostFast</name>
         <value>0x98d2</value>
         <object_component_ref idref="oc-2fe"/>
      </symbol>
      <symbol id="sm-bf7">
         <name>_ControlBoost</name>
         <value>0x9da0</value>
         <object_component_ref idref="oc-346"/>
      </symbol>
      <symbol id="sm-bf9">
         <name>_IBattReg</name>
         <value>0x98a4</value>
         <object_component_ref idref="oc-2fe"/>
      </symbol>
      <symbol id="sm-bfa">
         <name>_VBoostReg</name>
         <value>0x9900</value>
         <object_component_ref idref="oc-2fe"/>
      </symbol>
      <symbol id="sm-c15">
         <name>_c_int00</name>
         <value>0x84281</value>
         <object_component_ref idref="oc-303"/>
      </symbol>
      <symbol id="sm-c16">
         <name>__stack</name>
         <value>0x400</value>
         <object_component_ref idref="oc-304"/>
      </symbol>
      <symbol id="sm-c27">
         <name>FS$$DIV</name>
         <value>0x83d91</value>
         <object_component_ref idref="oc-30a"/>
      </symbol>
      <symbol id="sm-c35">
         <name>ULL$$CMP</name>
         <value>0x84c70</value>
         <object_component_ref idref="oc-30f"/>
      </symbol>
      <symbol id="sm-c36">
         <name>LL$$CMP</name>
         <value>0x84c5e</value>
         <object_component_ref idref="oc-30f"/>
      </symbol>
      <symbol id="sm-c42">
         <name>UL$$MOD</name>
         <value>0x84b69</value>
         <object_component_ref idref="oc-314"/>
      </symbol>
      <symbol id="sm-c43">
         <name>L$$MOD</name>
         <value>0x84b54</value>
         <object_component_ref idref="oc-314"/>
      </symbol>
      <symbol id="sm-c44">
         <name>L$$DIV</name>
         <value>0x84b45</value>
         <object_component_ref idref="oc-314"/>
      </symbol>
      <symbol id="sm-c45">
         <name>UL$$DIV</name>
         <value>0x84b62</value>
         <object_component_ref idref="oc-314"/>
      </symbol>
      <symbol id="sm-c54">
         <name>_copy_in</name>
         <value>0x84b98</value>
         <object_component_ref idref="oc-341"/>
      </symbol>
      <symbol id="sm-c66">
         <name>_memcpy</name>
         <value>0x84c7c</value>
         <object_component_ref idref="oc-34a"/>
      </symbol>
      <symbol id="sm-c73">
         <name>__system_pre_init</name>
         <value>0x8543e</value>
         <object_component_ref idref="oc-340"/>
      </symbol>
      <symbol id="sm-c81">
         <name>__system_post_cinit</name>
         <value>0x85440</value>
         <object_component_ref idref="oc-342"/>
      </symbol>
      <symbol id="sm-c96">
         <name>C$$EXIT</name>
         <value>0x84b6f</value>
         <object_component_ref idref="oc-344"/>
      </symbol>
      <symbol id="sm-c97">
         <name>_exit</name>
         <value>0x84b71</value>
         <object_component_ref idref="oc-344"/>
      </symbol>
      <symbol id="sm-c99">
         <name>___TI_cleanup_ptr</name>
         <value>0x9878</value>
         <object_component_ref idref="oc-32f"/>
      </symbol>
      <symbol id="sm-c9a">
         <name>___TI_enable_exit_profile_output</name>
         <value>0x9876</value>
         <object_component_ref idref="oc-32f"/>
      </symbol>
      <symbol id="sm-c9b">
         <name>_abort</name>
         <value>0x84b6f</value>
         <object_component_ref idref="oc-344"/>
      </symbol>
      <symbol id="sm-c9d">
         <name>___TI_dtors_ptr</name>
         <value>0x987a</value>
         <object_component_ref idref="oc-32f"/>
      </symbol>
      <symbol id="sm-cb1">
         <name>__unlock</name>
         <value>0x99b4</value>
         <object_component_ref idref="oc-37b"/>
      </symbol>
      <symbol id="sm-cb2">
         <name>__lock</name>
         <value>0x993e</value>
         <object_component_ref idref="oc-34c"/>
      </symbol>
      <symbol id="sm-cb3">
         <name>__register_lock</name>
         <value>0x853f5</value>
         <object_component_ref idref="oc-35a"/>
      </symbol>
      <symbol id="sm-cb5">
         <name>__nop</name>
         <value>0x853f9</value>
         <object_component_ref idref="oc-35a"/>
      </symbol>
      <symbol id="sm-cb7">
         <name>__register_unlock</name>
         <value>0x853f1</value>
         <object_component_ref idref="oc-35a"/>
      </symbol>
      <symbol id="sm-cc7">
         <name>__args_main</name>
         <value>0x84e04</value>
         <object_component_ref idref="oc-343"/>
      </symbol>
   </symbol_table>
   <title>Link successful</title>
</link_info>
